#-----------------------------------------------------------
# Vivado v2019.1 (64-bit)
# SW Build 2552052 on Fri May 24 14:49:42 MDT 2019
# IP Build 2548770 on Fri May 24 18:01:18 MDT 2019
# Start of session at: Sat Mar 14 00:39:50 2020
# Process ID: 4396
# Current directory: C:/Users/danie/Documents/Repaso_VIVADO/pulse_generator
# Command line: vivado.exe -gui_launcher_event rodinguilauncherevent6632 C:\Users\danie\Documents\Repaso_VIVADO\pulse_generator\pulse_generator.xpr
# Log file: C:/Users/danie/Documents/Repaso_VIVADO/pulse_generator/vivado.log
# Journal file: C:/Users/danie/Documents/Repaso_VIVADO/pulse_generator\vivado.jou
#-----------------------------------------------------------
start_gui
open_project C:/Users/danie/Documents/Repaso_VIVADO/pulse_generator/pulse_generator.xpr
update_compile_order -fileset sources_1
reset_run synth_1
launch_runs synth_1 -jobs 2
wait_on_run synth_1
open_run synth_1 -name synth_1
launch_runs impl_1 -jobs 2
wait_on_run impl_1
launch_runs impl_1 -to_step write_bitstream -jobs 2
wait_on_run impl_1
