09:22:30 **** Incremental Build of configuration Debug for project Ejemplo_recepcion ****
make pre-build main-build 
a9-linaro-pre-build-step
' '
make: Nothing to be done for 'main-build'.
09:22:36 **** Incremental Build of configuration Debug for project Ejemplo_recepcion ****
make pre-build main-build 
a9-linaro-pre-build-step
' '
make: Nothing to be done for 'main-build'.
09:23:39 **** Incremental Build of configuration Debug for project Ejemplo_recepcion ****
make pre-build main-build 
a9-linaro-pre-build-step
' '
make: Nothing to be done for 'main-build'.
09:25:03 **** Auto Build of configuration Debug for project Ejemplo_recepcion ****
make pre-build main-build 
a9-linaro-pre-build-step
' '
'Building file: ../src/helloworld.c'
'Invoking: ARM v7 gcc compiler'
arm-none-eabi-gcc -Wall -O0 -g3 -c -fmessage-length=0 -MT"src/helloworld.o" -mcpu=cortex-a9 -mfpu=vfpv3 -mfloat-abi=hard -I../../Ejemplo_recepcion_bsp/ps7_cortexa9_0/include -MMD -MP -MF"src/helloworld.d" -MT"src/helloworld.o" -o "src/helloworld.o" "../src/helloworld.c"
../src/helloworld.c: In function 'main':
../src/helloworld.c:63:11: warning: unused variable 'Puerto' [-Wunused-variable]
  XUartPs *Puerto;
           ^~~~~~
../src/helloworld.c:62:18: warning: unused variable 'Conf_puerto' [-Wunused-variable]
  XUartPs_Config *Conf_puerto;
                  ^~~~~~~~~~~
'Finished building: ../src/helloworld.c'
' '
'Building target: Ejemplo_recepcion.elf'
'Invoking: ARM v7 gcc linker'
arm-none-eabi-gcc -mcpu=cortex-a9 -mfpu=vfpv3 -mfloat-abi=hard -Wl,-build-id=none -specs=Xilinx.spec -Wl,-T -Wl,../src/lscript.ld -L../../Ejemplo_recepcion_bsp/ps7_cortexa9_0/lib -o "Ejemplo_recepcion.elf"  ./src/helloworld.o ./src/platform.o   -Wl,--start-group,-lxil,-lgcc,-lc,--end-group
'Finished building target: Ejemplo_recepcion.elf'
' '
'Invoking: ARM v7 Print Size'
arm-none-eabi-size Ejemplo_recepcion.elf  |tee "Ejemplo_recepcion.elf.size"
   text	   data	    bss	    dec	    hex	filename
  19120	   1144	  22568	  42832	   a750	Ejemplo_recepcion.elf
'Finished building: Ejemplo_recepcion.elf.size'
' '
09:25:12 **** Incremental Build of configuration Debug for project Ejemplo_recepcion ****
make pre-build main-build 
a9-linaro-pre-build-step
' '
make: Nothing to be done for 'main-build'.
09:25:55 **** Auto Build of configuration Debug for project Ejemplo_recepcion ****
make pre-build main-build 
a9-linaro-pre-build-step
' '
'Building file: ../src/helloworld.c'
'Invoking: ARM v7 gcc compiler'
arm-none-eabi-gcc -Wall -O0 -g3 -c -fmessage-length=0 -MT"src/helloworld.o" -mcpu=cortex-a9 -mfpu=vfpv3 -mfloat-abi=hard -I../../Ejemplo_recepcion_bsp/ps7_cortexa9_0/include -MMD -MP -MF"src/helloworld.d" -MT"src/helloworld.o" -o "src/helloworld.o" "../src/helloworld.c"
../src/helloworld.c: In function 'main':
../src/helloworld.c:63:11: warning: unused variable 'Puerto' [-Wunused-variable]
  XUartPs *Puerto;
           ^~~~~~
../src/helloworld.c:62:18: warning: unused variable 'Conf_puerto' [-Wunused-variable]
  XUartPs_Config *Conf_puerto;
                  ^~~~~~~~~~~
'Finished building: ../src/helloworld.c'
' '
'Building target: Ejemplo_recepcion.elf'
'Invoking: ARM v7 gcc linker'
arm-none-eabi-gcc -mcpu=cortex-a9 -mfpu=vfpv3 -mfloat-abi=hard -Wl,-build-id=none -specs=Xilinx.spec -Wl,-T -Wl,../src/lscript.ld -L../../Ejemplo_recepcion_bsp/ps7_cortexa9_0/lib -o "Ejemplo_recepcion.elf"  ./src/helloworld.o ./src/platform.o   -Wl,--start-group,-lxil,-lgcc,-lc,--end-group
'Finished building target: Ejemplo_recepcion.elf'
' '
'Invoking: ARM v7 Print Size'
arm-none-eabi-size Ejemplo_recepcion.elf  |tee "Ejemplo_recepcion.elf.size"
   text	   data	    bss	    dec	    hex	filename
  19120	   1144	  22568	  42832	   a750	Ejemplo_recepcion.elf
'Finished building: Ejemplo_recepcion.elf.size'
' '
09:26:02 **** Incremental Build of configuration Debug for project Ejemplo_recepcion ****
make pre-build main-build 
a9-linaro-pre-build-step
' '
make: Nothing to be done for 'main-build'.
09:27:16 **** Incremental Build of configuration Debug for project Ejemplo_recepcion ****
make pre-build main-build 
a9-linaro-pre-build-step
' '
'Building file: ../src/helloworld.c'
'Invoking: ARM v7 gcc compiler'
arm-none-eabi-gcc -Wall -O0 -g3 -c -fmessage-length=0 -MT"src/helloworld.o" -mcpu=cortex-a9 -mfpu=vfpv3 -mfloat-abi=hard -I../../Ejemplo_recepcion_bsp/ps7_cortexa9_0/include -MMD -MP -MF"src/helloworld.d" -MT"src/helloworld.o" -o "src/helloworld.o" "../src/helloworld.c"
../src/helloworld.c: In function 'main':
../src/helloworld.c:66:11: warning: 'Puerto' is used uninitialized in this function [-Wuninitialized]
  status = XUartPs_CfgInitialize(Puerto, Conf_puerto, XPAR_PS7_UART_0_BASEADDR);
           ^~~~~~~~~~~~~~~~~~~~~~~~~~~~~~~~~~~~~~~~~~~~~~~~~~~~~~~~~~~~~~~~~~~~
../src/helloworld.c:66:11: warning: 'Conf_puerto' is used uninitialized in this function [-Wuninitialized]
'Finished building: ../src/helloworld.c'
' '
'Building target: Ejemplo_recepcion.elf'
'Invoking: ARM v7 gcc linker'
arm-none-eabi-gcc -mcpu=cortex-a9 -mfpu=vfpv3 -mfloat-abi=hard -Wl,-build-id=none -specs=Xilinx.spec -Wl,-T -Wl,../src/lscript.ld -L../../Ejemplo_recepcion_bsp/ps7_cortexa9_0/lib -o "Ejemplo_recepcion.elf"  ./src/helloworld.o ./src/platform.o   -Wl,--start-group,-lxil,-lgcc,-lc,--end-group
'Finished building target: Ejemplo_recepcion.elf'
' '
'Invoking: ARM v7 Print Size'
arm-none-eabi-size Ejemplo_recepcion.elf  |tee "Ejemplo_recepcion.elf.size"
   text	   data	    bss	    dec	    hex	filename
  21368	   1144	  22584	  45096	   b028	Ejemplo_recepcion.elf
'Finished building: Ejemplo_recepcion.elf.size'
' '
09:27:37 **** Incremental Build of configuration Debug for project Ejemplo_recepcion ****
make pre-build main-build 
a9-linaro-pre-build-step
' '
make: Nothing to be done for 'main-build'.
