#-----------------------------------------------------------
# Vivado v2019.1 (64-bit)
# SW Build 2552052 on Fri May 24 14:49:42 MDT 2019
# IP Build 2548770 on Fri May 24 18:01:18 MDT 2019
# Start of session at: Sun Apr 26 19:46:08 2020
# Process ID: 7316
# Current directory: C:/Users/danie/Documents/Repaso_VIVADO/comblock
# Command line: vivado.exe -gui_launcher_event rodinguilauncherevent688 C:\Users\danie\Documents\Repaso_VIVADO\comblock\comblock.xpr
# Log file: C:/Users/danie/Documents/Repaso_VIVADO/comblock/vivado.log
# Journal file: C:/Users/danie/Documents/Repaso_VIVADO/comblock\vivado.jou
#-----------------------------------------------------------
start_gui
open_project C:/Users/danie/Documents/Repaso_VIVADO/comblock/comblock.xpr
update_compile_order -fileset sources_1
open_bd_design {C:/Users/danie/Documents/Repaso_VIVADO/comblock/comblock.srcs/sources_1/bd/Comblock_desing/Comblock_desing.bd}
write_bd_tcl -force C:/Users/danie/Documents/Repaso_VIVADO/comblock/Comblock.tcl
open_run impl_1
launch_sdk -workspace C:/Users/danie/Documents/Repaso_VIVADO/comblock/comblock.sdk -hwspec C:/Users/danie/Documents/Repaso_VIVADO/comblock/comblock.sdk/Comblock_desing_wrapper.hdf
open_bd_design {C:/Users/danie/Documents/Repaso_VIVADO/comblock/comblock.srcs/sources_1/bd/Comblock_desing/Comblock_desing.bd}
close_project
open_project C:/Users/danie/Documents/Repaso_VIVADO/Gpio/Gpio.xpr
update_compile_order -fileset sources_1
open_bd_design {C:/Users/danie/Documents/Repaso_VIVADO/Gpio/Gpio.srcs/sources_1/bd/led_control_desing/led_control_desing.bd}
write_bd_tcl -force C:/Users/danie/Documents/Repaso_VIVADO/Gpio/led_control_desing.tcl
