#-----------------------------------------------------------
# Vivado v2019.1 (64-bit)
# SW Build 2552052 on Fri May 24 14:49:42 MDT 2019
# IP Build 2548770 on Fri May 24 18:01:18 MDT 2019
# Start of session at: Tue May 26 03:06:03 2020
# Process ID: 11972
# Current directory: C:/Users/danie/Documents/Repaso_VIVADO/comblock_fifo/comblock_fifo.runs/comblock_fifo_processing_system7_0_0_synth_1
# Command line: vivado.exe -log comblock_fifo_processing_system7_0_0.vds -product Vivado -mode batch -messageDb vivado.pb -notrace -source comblock_fifo_processing_system7_0_0.tcl
# Log file: C:/Users/danie/Documents/Repaso_VIVADO/comblock_fifo/comblock_fifo.runs/comblock_fifo_processing_system7_0_0_synth_1/comblock_fifo_processing_system7_0_0.vds
# Journal file: C:/Users/danie/Documents/Repaso_VIVADO/comblock_fifo/comblock_fifo.runs/comblock_fifo_processing_system7_0_0_synth_1\vivado.jou
#-----------------------------------------------------------
source comblock_fifo_processing_system7_0_0.tcl -notrace
