22:07:19 **** Auto Build of configuration Debug for project controlLedCustom ****
make pre-build main-build 
a9-linaro-pre-build-step
' '
'Building file: ../src/Control_Gpio.c'
'Invoking: ARM v7 gcc compiler'
arm-none-eabi-gcc -Wall -O0 -g3 -c -fmessage-length=0 -MT"src/Control_Gpio.o" -mcpu=cortex-a9 -mfpu=vfpv3 -mfloat-abi=hard -I../../controlLedCustom_bsp/ps7_cortexa9_0/include -MMD -MP -MF"src/Control_Gpio.d" -MT"src/Control_Gpio.o" -o "src/Control_Gpio.o" "../src/Control_Gpio.c"
'Finished building: ../src/Control_Gpio.c'
' '
'Building target: controlLedCustom.elf'
'Invoking: ARM v7 gcc linker'
arm-none-eabi-gcc -mcpu=cortex-a9 -mfpu=vfpv3 -mfloat-abi=hard -Wl,-build-id=none -specs=Xilinx.spec -Wl,-T -Wl,../src/lscript.ld -L../../controlLedCustom_bsp/ps7_cortexa9_0/lib -o "controlLedCustom.elf"  ./src/Control_Gpio.o   -Wl,--start-group,-lxil,-lgcc,-lc,--end-group
'Finished building target: controlLedCustom.elf'
' '
'Invoking: ARM v7 Print Size'
arm-none-eabi-size controlLedCustom.elf  |tee "controlLedCustom.elf.size"
   text	   data	    bss	    dec	    hex	filename
  30824	   1576	  23272	  55672	   d978	controlLedCustom.elf
'Finished building: controlLedCustom.elf.size'
' '

22:07:21 Build Finished (took 1s.504ms)

