#-----------------------------------------------------------
# Vivado v2019.1 (64-bit)
# SW Build 2552052 on Fri May 24 14:49:42 MDT 2019
# IP Build 2548770 on Fri May 24 18:01:18 MDT 2019
# Start of session at: Tue May 26 14:08:32 2020
# Process ID: 15500
# Current directory: C:/Users/danie/Documents/Repaso_VIVADO/PYNQ_comblock
# Command line: vivado.exe -gui_launcher_event rodinguilauncherevent12516 C:\Users\danie\Documents\Repaso_VIVADO\PYNQ_comblock\comblock_pynq.xpr
# Log file: C:/Users/danie/Documents/Repaso_VIVADO/PYNQ_comblock/vivado.log
# Journal file: C:/Users/danie/Documents/Repaso_VIVADO/PYNQ_comblock\vivado.jou
#-----------------------------------------------------------
start_gui
open_project C:/Users/danie/Documents/Repaso_VIVADO/PYNQ_comblock/comblock_pynq.xpr
update_compile_order -fileset sources_1
open_bd_design {C:/Users/danie/Documents/Repaso_VIVADO/PYNQ_comblock/comblock_pynq.srcs/sources_1/bd/comblock_desing/comblock_desing.bd}
startgroup
create_bd_cell -type ip -vlnv xilinx.com:ip:xlconstant:1.1 xlconstant_0
endgroup
set_property location {0.5 17 90} [get_bd_cells xlconstant_0]
set_property -dict [list CONFIG.CONST_WIDTH {4} CONFIG.CONST_VAL {0}] [get_bd_cells xlconstant_0]
delete_bd_objs [get_bd_cells xlconstant_0]
write_bd_tcl -force C:/Users/danie/Documents/Repaso_VIVADO/PYNQ_comblock/comblock_desing.tcl
startgroup
set_property -dict [list CONFIG.DRAM_IO_ENA {true} CONFIG.FIFO_IN_ENA {true}] [get_bd_cells comblock_ip]
endgroup
