21:12:50 **** Build of configuration Debug for project ledControlwithSW_bsp_xuartps_low_echo_example_1 ****
make pre-build main-build 
a9-linaro-pre-build-step
' '
'Building file: ../src/xuartps_low_echo_example.c'
'Invoking: ARM v7 gcc compiler'
arm-none-eabi-gcc -Wall -O0 -g3 -c -fmessage-length=0 -MT"src/xuartps_low_echo_example.o" -mcpu=cortex-a9 -mfpu=vfpv3 -mfloat-abi=hard -I../../ledControlwithSW_bsp/ps7_cortexa9_0/include -MMD -MP -MF"src/xuartps_low_echo_example.d" -MT"src/xuartps_low_echo_example.o" -o "src/xuartps_low_echo_example.o" "../src/xuartps_low_echo_example.c"
'Finished building: ../src/xuartps_low_echo_example.c'
' '
'Building target: ledControlwithSW_bsp_xuartps_low_echo_example_1.elf'
'Invoking: ARM v7 gcc linker'
arm-none-eabi-gcc -mcpu=cortex-a9 -mfpu=vfpv3 -mfloat-abi=hard -Wl,-build-id=none -specs=Xilinx.spec -Wl,-T -Wl,../src/lscript.ld -L../../ledControlwithSW_bsp/ps7_cortexa9_0/lib -o "ledControlwithSW_bsp_xuartps_low_echo_example_1.elf"  ./src/xuartps_low_echo_example.o   -Wl,--start-group,-lxil,-lgcc,-lc,--end-group
'Finished building target: ledControlwithSW_bsp_xuartps_low_echo_example_1.elf'
' '
'Invoking: ARM v7 Print Size'
arm-none-eabi-size ledControlwithSW_bsp_xuartps_low_echo_example_1.elf  |tee "ledControlwithSW_bsp_xuartps_low_echo_example_1.elf.size"
   text	   data	    bss	    dec	    hex	filename
  29948	   1544	  23272	  54764	   d5ec	ledControlwithSW_bsp_xuartps_low_echo_example_1.elf
'Finished building: ledControlwithSW_bsp_xuartps_low_echo_example_1.elf.size'
' '

21:12:51 Build Finished (took 1s.634ms)

