01:08:02 **** Build of project led_EMIO_bsp ****
make -k all 
"Running Make include in ps7_cortexa9_0/libsrc/coresightps_dcc_v1_5/src"
make -C ps7_cortexa9_0/libsrc/coresightps_dcc_v1_5/src -s include  "SHELL=CMD" "COMPILER=arm-none-eabi-gcc" "ARCHIVER=arm-none-eabi-ar" "COMPILER_FLAGS=  -O2 -c" "EXTRA_COMPILER_FLAGS=-mcpu=cortex-a9 -mfpu=vfpv3 -mfloat-abi=hard -nostartfiles -g -Wall -Wextra"
"Running Make include in ps7_cortexa9_0/libsrc/cpu_cortexa9_v2_7/src"
make -C ps7_cortexa9_0/libsrc/cpu_cortexa9_v2_7/src -s include  "SHELL=CMD" "COMPILER=arm-none-eabi-gcc" "ARCHIVER=arm-none-eabi-ar" "COMPILER_FLAGS=  -O2 -c" "EXTRA_COMPILER_FLAGS=-mcpu=cortex-a9 -mfpu=vfpv3 -mfloat-abi=hard -nostartfiles -g -Wall -Wextra"
"Running Make include in ps7_cortexa9_0/libsrc/ddrps_v1_0/src"
make -C ps7_cortexa9_0/libsrc/ddrps_v1_0/src -s include  "SHELL=CMD" "COMPILER=arm-none-eabi-gcc" "ARCHIVER=arm-none-eabi-ar" "COMPILER_FLAGS=  -O2 -c" "EXTRA_COMPILER_FLAGS=-mcpu=cortex-a9 -mfpu=vfpv3 -mfloat-abi=hard -nostartfiles -g -Wall -Wextra"
"Running Make include in ps7_cortexa9_0/libsrc/devcfg_v3_5/src"
make -C ps7_cortexa9_0/libsrc/devcfg_v3_5/src -s include  "SHELL=CMD" "COMPILER=arm-none-eabi-gcc" "ARCHIVER=arm-none-eabi-ar" "COMPILER_FLAGS=  -O2 -c" "EXTRA_COMPILER_FLAGS=-mcpu=cortex-a9 -mfpu=vfpv3 -mfloat-abi=hard -nostartfiles -g -Wall -Wextra"
"Running Make include in ps7_cortexa9_0/libsrc/dmaps_v2_4/src"
make -C ps7_cortexa9_0/libsrc/dmaps_v2_4/src -s include  "SHELL=CMD" "COMPILER=arm-none-eabi-gcc" "ARCHIVER=arm-none-eabi-ar" "COMPILER_FLAGS=  -O2 -c" "EXTRA_COMPILER_FLAGS=-mcpu=cortex-a9 -mfpu=vfpv3 -mfloat-abi=hard -nostartfiles -g -Wall -Wextra"
"Running Make include in ps7_cortexa9_0/libsrc/gpiops_v3_5/src"
make -C ps7_cortexa9_0/libsrc/gpiops_v3_5/src -s include  "SHELL=CMD" "COMPILER=arm-none-eabi-gcc" "ARCHIVER=arm-none-eabi-ar" "COMPILER_FLAGS=  -O2 -c" "EXTRA_COMPILER_FLAGS=-mcpu=cortex-a9 -mfpu=vfpv3 -mfloat-abi=hard -nostartfiles -g -Wall -Wextra"
"Running Make include in ps7_cortexa9_0/libsrc/scugic_v4_0/src"
make -C ps7_cortexa9_0/libsrc/scugic_v4_0/src -s include  "SHELL=CMD" "COMPILER=arm-none-eabi-gcc" "ARCHIVER=arm-none-eabi-ar" "COMPILER_FLAGS=  -O2 -c" "EXTRA_COMPILER_FLAGS=-mcpu=cortex-a9 -mfpu=vfpv3 -mfloat-abi=hard -nostartfiles -g -Wall -Wextra"
"Running Make include in ps7_cortexa9_0/libsrc/scutimer_v2_1/src"
make -C ps7_cortexa9_0/libsrc/scutimer_v2_1/src -s include  "SHELL=CMD" "COMPILER=arm-none-eabi-gcc" "ARCHIVER=arm-none-eabi-ar" "COMPILER_FLAGS=  -O2 -c" "EXTRA_COMPILER_FLAGS=-mcpu=cortex-a9 -mfpu=vfpv3 -mfloat-abi=hard -nostartfiles -g -Wall -Wextra"
"Running Make include in ps7_cortexa9_0/libsrc/scuwdt_v2_1/src"
make -C ps7_cortexa9_0/libsrc/scuwdt_v2_1/src -s include  "SHELL=CMD" "COMPILER=arm-none-eabi-gcc" "ARCHIVER=arm-none-eabi-ar" "COMPILER_FLAGS=  -O2 -c" "EXTRA_COMPILER_FLAGS=-mcpu=cortex-a9 -mfpu=vfpv3 -mfloat-abi=hard -nostartfiles -g -Wall -Wextra"
"Running Make include in ps7_cortexa9_0/libsrc/standalone_v7_0/src"
make -C ps7_cortexa9_0/libsrc/standalone_v7_0/src -s include  "SHELL=CMD" "COMPILER=arm-none-eabi-gcc" "ARCHIVER=arm-none-eabi-ar" "COMPILER_FLAGS=  -O2 -c" "EXTRA_COMPILER_FLAGS=-mcpu=cortex-a9 -mfpu=vfpv3 -mfloat-abi=hard -nostartfiles -g -Wall -Wextra"
"Running Make include in ps7_cortexa9_0/libsrc/uartps_v3_7/src"
make -C ps7_cortexa9_0/libsrc/uartps_v3_7/src -s include  "SHELL=CMD" "COMPILER=arm-none-eabi-gcc" "ARCHIVER=arm-none-eabi-ar" "COMPILER_FLAGS=  -O2 -c" "EXTRA_COMPILER_FLAGS=-mcpu=cortex-a9 -mfpu=vfpv3 -mfloat-abi=hard -nostartfiles -g -Wall -Wextra"
"Running Make include in ps7_cortexa9_0/libsrc/xadcps_v2_3/src"
make -C ps7_cortexa9_0/libsrc/xadcps_v2_3/src -s include  "SHELL=CMD" "COMPILER=arm-none-eabi-gcc" "ARCHIVER=arm-none-eabi-ar" "COMPILER_FLAGS=  -O2 -c" "EXTRA_COMPILER_FLAGS=-mcpu=cortex-a9 -mfpu=vfpv3 -mfloat-abi=hard -nostartfiles -g -Wall -Wextra"
"Running Make libs in ps7_cortexa9_0/libsrc/coresightps_dcc_v1_5/src"
make -C ps7_cortexa9_0/libsrc/coresightps_dcc_v1_5/src -s libs  "SHELL=CMD" "COMPILER=arm-none-eabi-gcc" "ARCHIVER=arm-none-eabi-ar" "COMPILER_FLAGS=  -O2 -c" "EXTRA_COMPILER_FLAGS=-mcpu=cortex-a9 -mfpu=vfpv3 -mfloat-abi=hard -nostartfiles -g -Wall -Wextra"
"Compiling coresightps_dcc"
arm-none-eabi-ar: creating ../../../lib/libxil.a
"Running Make libs in ps7_cortexa9_0/libsrc/cpu_cortexa9_v2_7/src"
make -C ps7_cortexa9_0/libsrc/cpu_cortexa9_v2_7/src -s libs  "SHELL=CMD" "COMPILER=arm-none-eabi-gcc" "ARCHIVER=arm-none-eabi-ar" "COMPILER_FLAGS=  -O2 -c" "EXTRA_COMPILER_FLAGS=-mcpu=cortex-a9 -mfpu=vfpv3 -mfloat-abi=hard -nostartfiles -g -Wall -Wextra"
"Compiling cpu_cortexa9"
"Running Make libs in ps7_cortexa9_0/libsrc/ddrps_v1_0/src"
make -C ps7_cortexa9_0/libsrc/ddrps_v1_0/src -s libs  "SHELL=CMD" "COMPILER=arm-none-eabi-gcc" "ARCHIVER=arm-none-eabi-ar" "COMPILER_FLAGS=  -O2 -c" "EXTRA_COMPILER_FLAGS=-mcpu=cortex-a9 -mfpu=vfpv3 -mfloat-abi=hard -nostartfiles -g -Wall -Wextra"
"Compiling ddrps"
"Running Make libs in ps7_cortexa9_0/libsrc/devcfg_v3_5/src"
make -C ps7_cortexa9_0/libsrc/devcfg_v3_5/src -s libs  "SHELL=CMD" "COMPILER=arm-none-eabi-gcc" "ARCHIVER=arm-none-eabi-ar" "COMPILER_FLAGS=  -O2 -c" "EXTRA_COMPILER_FLAGS=-mcpu=cortex-a9 -mfpu=vfpv3 -mfloat-abi=hard -nostartfiles -g -Wall -Wextra"
"Compiling devcfg"
"Running Make libs in ps7_cortexa9_0/libsrc/dmaps_v2_4/src"
make -C ps7_cortexa9_0/libsrc/dmaps_v2_4/src -s libs  "SHELL=CMD" "COMPILER=arm-none-eabi-gcc" "ARCHIVER=arm-none-eabi-ar" "COMPILER_FLAGS=  -O2 -c" "EXTRA_COMPILER_FLAGS=-mcpu=cortex-a9 -mfpu=vfpv3 -mfloat-abi=hard -nostartfiles -g -Wall -Wextra"
"Compiling dmaps"
"Running Make libs in ps7_cortexa9_0/libsrc/gpiops_v3_5/src"
make -C ps7_cortexa9_0/libsrc/gpiops_v3_5/src -s libs  "SHELL=CMD" "COMPILER=arm-none-eabi-gcc" "ARCHIVER=arm-none-eabi-ar" "COMPILER_FLAGS=  -O2 -c" "EXTRA_COMPILER_FLAGS=-mcpu=cortex-a9 -mfpu=vfpv3 -mfloat-abi=hard -nostartfiles -g -Wall -Wextra"
"Compiling gpiops"
"Running Make libs in ps7_cortexa9_0/libsrc/scugic_v4_0/src"
make -C ps7_cortexa9_0/libsrc/scugic_v4_0/src -s libs  "SHELL=CMD" "COMPILER=arm-none-eabi-gcc" "ARCHIVER=arm-none-eabi-ar" "COMPILER_FLAGS=  -O2 -c" "EXTRA_COMPILER_FLAGS=-mcpu=cortex-a9 -mfpu=vfpv3 -mfloat-abi=hard -nostartfiles -g -Wall -Wextra"
"Compiling scugic"
"Running Make libs in ps7_cortexa9_0/libsrc/scutimer_v2_1/src"
make -C ps7_cortexa9_0/libsrc/scutimer_v2_1/src -s libs  "SHELL=CMD" "COMPILER=arm-none-eabi-gcc" "ARCHIVER=arm-none-eabi-ar" "COMPILER_FLAGS=  -O2 -c" "EXTRA_COMPILER_FLAGS=-mcpu=cortex-a9 -mfpu=vfpv3 -mfloat-abi=hard -nostartfiles -g -Wall -Wextra"
"Compiling scutimer"
"Running Make libs in ps7_cortexa9_0/libsrc/scuwdt_v2_1/src"
make -C ps7_cortexa9_0/libsrc/scuwdt_v2_1/src -s libs  "SHELL=CMD" "COMPILER=arm-none-eabi-gcc" "ARCHIVER=arm-none-eabi-ar" "COMPILER_FLAGS=  -O2 -c" "EXTRA_COMPILER_FLAGS=-mcpu=cortex-a9 -mfpu=vfpv3 -mfloat-abi=hard -nostartfiles -g -Wall -Wextra"
"Compiling scuwdt"
"Running Make libs in ps7_cortexa9_0/libsrc/standalone_v7_0/src"
make -C ps7_cortexa9_0/libsrc/standalone_v7_0/src -s libs  "SHELL=CMD" "COMPILER=arm-none-eabi-gcc" "ARCHIVER=arm-none-eabi-ar" "COMPILER_FLAGS=  -O2 -c" "EXTRA_COMPILER_FLAGS=-mcpu=cortex-a9 -mfpu=vfpv3 -mfloat-abi=hard -nostartfiles -g -Wall -Wextra"
"Compiling standalone"
In file included from usleep.c:56:
xtime_l.h:87:9: note: #pragma message: For the sleep routines, Global timer is being used
 #pragma message ("For the sleep routines, Global timer is being used")
         ^~~~~~~
In file included from xil_sleeptimer.c:51:
xtime_l.h:87:9: note: #pragma message: For the sleep routines, Global timer is being used
 #pragma message ("For the sleep routines, Global timer is being used")
         ^~~~~~~
In file included from xtime_l.c:49:
xtime_l.h:87:9: note: #pragma message: For the sleep routines, Global timer is being used
 #pragma message ("For the sleep routines, Global timer is being used")
         ^~~~~~~
In file included from sleep.c:53:
xtime_l.h:87:9: note: #pragma message: For the sleep routines, Global timer is being used
 #pragma message ("For the sleep routines, Global timer is being used")
         ^~~~~~~
"Running Make libs in ps7_cortexa9_0/libsrc/uartps_v3_7/src"
make -C ps7_cortexa9_0/libsrc/uartps_v3_7/src -s libs  "SHELL=CMD" "COMPILER=arm-none-eabi-gcc" "ARCHIVER=arm-none-eabi-ar" "COMPILER_FLAGS=  -O2 -c" "EXTRA_COMPILER_FLAGS=-mcpu=cortex-a9 -mfpu=vfpv3 -mfloat-abi=hard -nostartfiles -g -Wall -Wextra"
"Compiling uartps"
"Running Make libs in ps7_cortexa9_0/libsrc/xadcps_v2_3/src"
make -C ps7_cortexa9_0/libsrc/xadcps_v2_3/src -s libs  "SHELL=CMD" "COMPILER=arm-none-eabi-gcc" "ARCHIVER=arm-none-eabi-ar" "COMPILER_FLAGS=  -O2 -c" "EXTRA_COMPILER_FLAGS=-mcpu=cortex-a9 -mfpu=vfpv3 -mfloat-abi=hard -nostartfiles -g -Wall -Wextra"
"Compiling xadcps"
'Finished building libraries'

**** Build of configuration Debug for project led_EMIO ****

Nothing to build for project led_EMIO

****  of configuration Debug for project led_EMIO ****

Nothing to build for project led_EMIO

****  of configuration Debug for project led_EMIO ****

Nothing to build for project led_EMIO
01:11:29 **** Auto Build of configuration Debug for project led_EMIO ****
make pre-build main-build 
a9-linaro-pre-build-step
' '
'Building file: ../src/ledEMIOcontrol.c'
'Invoking: ARM v7 gcc compiler'
arm-none-eabi-gcc -Wall -O0 -g3 -c -fmessage-length=0 -MT"src/ledEMIOcontrol.o" -mcpu=cortex-a9 -mfpu=vfpv3 -mfloat-abi=hard -I../../led_EMIO_bsp/ps7_cortexa9_0/include -MMD -MP -MF"src/ledEMIOcontrol.d" -MT"src/ledEMIOcontrol.o" -o "src/ledEMIOcontrol.o" "../src/ledEMIOcontrol.c"
'Finished building: ../src/ledEMIOcontrol.c'
' '
'Building target: led_EMIO.elf'
'Invoking: ARM v7 gcc linker'
arm-none-eabi-gcc -mcpu=cortex-a9 -mfpu=vfpv3 -mfloat-abi=hard -Wl,-build-id=none -specs=Xilinx.spec -Wl,-T -Wl,../src/lscript.ld -L../../led_EMIO_bsp/ps7_cortexa9_0/lib -o "led_EMIO.elf"  ./src/ledEMIOcontrol.o   -Wl,--start-group,-lxil,-lgcc,-lc,--end-group
c:/xilinx/sdk/2019.1/gnu/aarch32/nt/gcc-arm-none-eabi/bin/../lib/gcc/arm-none-eabi/8.2.0/../../../../arm-none-eabi/bin/ld.exe: ../../led_EMIO_bsp/ps7_cortexa9_0/lib\libxil.a(xil-crt0.o): in function `_start':
C:\Users\danie\Documents\Repaso_VIVADO\gpio_emio\gpio_emio.sdk\led_EMIO_bsp\ps7_cortexa9_0\libsrc\standalone_v7_0\src/xil-crt0.S:138: undefined reference to `main'
collect2.exe: error: ld returned 1 exit status
make: *** [makefile:41: led_EMIO.elf] Error 1
01:37:29 **** Auto Build of configuration Debug for project led_EMIO ****
make pre-build main-build 
a9-linaro-pre-build-step
' '
'Building file: ../src/ledEMIOcontrol.c'
'Invoking: ARM v7 gcc compiler'
arm-none-eabi-gcc -Wall -O0 -g3 -c -fmessage-length=0 -MT"src/ledEMIOcontrol.o" -mcpu=cortex-a9 -mfpu=vfpv3 -mfloat-abi=hard -I../../led_EMIO_bsp/ps7_cortexa9_0/include -MMD -MP -MF"src/ledEMIOcontrol.d" -MT"src/ledEMIOcontrol.o" -o "src/ledEMIOcontrol.o" "../src/ledEMIOcontrol.c"
../src/ledEMIOcontrol.c: In function 'main':
../src/ledEMIOcontrol.c:32:34: error: incompatible type for argument 1 of 'XGpioPs_CfgInitialize'
  xStatus = XGpioPs_CfgInitialize(psGpioInstancePtr, GpioConfigPtr, GpioConfigPtr->BaseAddr);
                                  ^~~~~~~~~~~~~~~~~
In file included from ../src/ledEMIOcontrol.c:8:
../../led_EMIO_bsp/ps7_cortexa9_0/include/xgpiops.h:224:36: note: expected 'XGpioPs *' {aka 'struct <anonymous> *'} but argument is of type 'XGpioPs' {aka 'struct <anonymous>'}
 s32 XGpioPs_CfgInitialize(XGpioPs *InstancePtr, const XGpioPs_Config *ConfigPtr,
                           ~~~~~~~~~^~~~~~~~~~~
../src/ledEMIOcontrol.c:45:33: error: 'psGpioConfigPtr' undeclared (first use in this function); did you mean 'GpioConfigPtr'?
   pshb_check = XGpioPs_ReadPin(&psGpioConfigPtr, iPinNumberEMIO);
                                 ^~~~~~~~~~~~~~~
                                 GpioConfigPtr
../src/ledEMIOcontrol.c:45:33: note: each undeclared identifier is reported only once for each function it appears in
make: *** [src/subdir.mk:23: src/ledEMIOcontrol.o] Error 1
01:37:58 **** Auto Build of configuration Debug for project led_EMIO ****
make pre-build main-build 
a9-linaro-pre-build-step
' '
'Building file: ../src/ledEMIOcontrol.c'
'Invoking: ARM v7 gcc compiler'
arm-none-eabi-gcc -Wall -O0 -g3 -c -fmessage-length=0 -MT"src/ledEMIOcontrol.o" -mcpu=cortex-a9 -mfpu=vfpv3 -mfloat-abi=hard -I../../led_EMIO_bsp/ps7_cortexa9_0/include -MMD -MP -MF"src/ledEMIOcontrol.d" -MT"src/ledEMIOcontrol.o" -o "src/ledEMIOcontrol.o" "../src/ledEMIOcontrol.c"
../src/ledEMIOcontrol.c: In function 'main':
../src/ledEMIOcontrol.c:45:33: error: 'psGpioConfigPtr' undeclared (first use in this function); did you mean 'GpioConfigPtr'?
   pshb_check = XGpioPs_ReadPin(&psGpioConfigPtr, iPinNumberEMIO);
                                 ^~~~~~~~~~~~~~~
                                 GpioConfigPtr
../src/ledEMIOcontrol.c:45:33: note: each undeclared identifier is reported only once for each function it appears in
make: *** [src/subdir.mk:23: src/ledEMIOcontrol.o] Error 1
01:38:29 **** Auto Build of configuration Debug for project led_EMIO ****
make pre-build main-build 
a9-linaro-pre-build-step
' '
'Building file: ../src/ledEMIOcontrol.c'
'Invoking: ARM v7 gcc compiler'
arm-none-eabi-gcc -Wall -O0 -g3 -c -fmessage-length=0 -MT"src/ledEMIOcontrol.o" -mcpu=cortex-a9 -mfpu=vfpv3 -mfloat-abi=hard -I../../led_EMIO_bsp/ps7_cortexa9_0/include -MMD -MP -MF"src/ledEMIOcontrol.d" -MT"src/ledEMIOcontrol.o" -o "src/ledEMIOcontrol.o" "../src/ledEMIOcontrol.c"
../src/ledEMIOcontrol.c: In function 'main':
../src/ledEMIOcontrol.c:45:33: error: 'psGpioInstacePtr' undeclared (first use in this function); did you mean 'psGpioInstancePtr'?
   pshb_check = XGpioPs_ReadPin(&psGpioInstacePtr, iPinNumberEMIO);
                                 ^~~~~~~~~~~~~~~~
                                 psGpioInstancePtr
../src/ledEMIOcontrol.c:45:33: note: each undeclared identifier is reported only once for each function it appears in
../src/ledEMIOcontrol.c:46:21: error: 'psGpioConfigPtr' undeclared (first use in this function); did you mean 'GpioConfigPtr'?
   XGpioPs_WritePin(&psGpioConfigPtr, iPinNumber, pshb_check);
                     ^~~~~~~~~~~~~~~
                     GpioConfigPtr
make: *** [src/subdir.mk:23: src/ledEMIOcontrol.o] Error 1
01:39:45 **** Auto Build of configuration Debug for project led_EMIO ****
make pre-build main-build 
a9-linaro-pre-build-step
' '
'Building file: ../src/ledEMIOcontrol.c'
'Invoking: ARM v7 gcc compiler'
arm-none-eabi-gcc -Wall -O0 -g3 -c -fmessage-length=0 -MT"src/ledEMIOcontrol.o" -mcpu=cortex-a9 -mfpu=vfpv3 -mfloat-abi=hard -I../../led_EMIO_bsp/ps7_cortexa9_0/include -MMD -MP -MF"src/ledEMIOcontrol.d" -MT"src/ledEMIOcontrol.o" -o "src/ledEMIOcontrol.o" "../src/ledEMIOcontrol.c"
'Finished building: ../src/ledEMIOcontrol.c'
' '
'Building target: led_EMIO.elf'
'Invoking: ARM v7 gcc linker'
arm-none-eabi-gcc -mcpu=cortex-a9 -mfpu=vfpv3 -mfloat-abi=hard -Wl,-build-id=none -specs=Xilinx.spec -Wl,-T -Wl,../src/lscript.ld -L../../led_EMIO_bsp/ps7_cortexa9_0/lib -o "led_EMIO.elf"  ./src/ledEMIOcontrol.o   -Wl,--start-group,-lxil,-lgcc,-lc,--end-group
'Finished building target: led_EMIO.elf'
' '
'Invoking: ARM v7 Print Size'
arm-none-eabi-size led_EMIO.elf  |tee "led_EMIO.elf.size"
   text	   data	    bss	    dec	    hex	filename
  36656	   1560	  23304	  61520	   f050	led_EMIO.elf
'Finished building: led_EMIO.elf.size'
' '
01:49:34 **** Auto Build of configuration Debug for project led_EMIO ****
make pre-build main-build 
a9-linaro-pre-build-step
' '
'Building file: ../src/ledEMIOcontrol.c'
'Invoking: ARM v7 gcc compiler'
arm-none-eabi-gcc -Wall -O0 -g3 -c -fmessage-length=0 -MT"src/ledEMIOcontrol.o" -mcpu=cortex-a9 -mfpu=vfpv3 -mfloat-abi=hard -I../../led_EMIO_bsp/ps7_cortexa9_0/include -MMD -MP -MF"src/ledEMIOcontrol.d" -MT"src/ledEMIOcontrol.o" -o "src/ledEMIOcontrol.o" "../src/ledEMIOcontrol.c"
'Finished building: ../src/ledEMIOcontrol.c'
' '
'Building target: led_EMIO.elf'
'Invoking: ARM v7 gcc linker'
arm-none-eabi-gcc -mcpu=cortex-a9 -mfpu=vfpv3 -mfloat-abi=hard -Wl,-build-id=none -specs=Xilinx.spec -Wl,-T -Wl,../src/lscript.ld -L../../led_EMIO_bsp/ps7_cortexa9_0/lib -o "led_EMIO.elf"  ./src/ledEMIOcontrol.o   -Wl,--start-group,-lxil,-lgcc,-lc,--end-group
'Finished building target: led_EMIO.elf'
' '
'Invoking: ARM v7 Print Size'
arm-none-eabi-size led_EMIO.elf  |tee "led_EMIO.elf.size"
   text	   data	    bss	    dec	    hex	filename
  36656	   1560	  23304	  61520	   f050	led_EMIO.elf
'Finished building: led_EMIO.elf.size'
' '
22:57:29 **** Clean-only build of configuration Debug for project led_EMIO ****
make clean 
rm -rf  ./src/ledEMIOcontrol.o  ./src/ledEMIOcontrol.d  led_EMIO.elf.size  led_EMIO.elf
' '
22:57:30 **** Incremental Build of configuration Debug for project led_EMIO ****
make pre-build main-build 
a9-linaro-pre-build-step
' '
'Building file: ../src/ledEMIOcontrol.c'
'Invoking: ARM v7 gcc compiler'
arm-none-eabi-gcc -Wall -O0 -g3 -c -fmessage-length=0 -MT"src/ledEMIOcontrol.o" -mcpu=cortex-a9 -mfpu=vfpv3 -mfloat-abi=hard -I../../led_EMIO_bsp/ps7_cortexa9_0/include -MMD -MP -MF"src/ledEMIOcontrol.d" -MT"src/ledEMIOcontrol.o" -o "src/ledEMIOcontrol.o" "../src/ledEMIOcontrol.c"
In file included from ../src/ledEMIOcontrol.c:7:
../../led_EMIO_bsp/ps7_cortexa9_0/include/xparameters.h:19:10: fatal error: xparameters_ps.h: No such file or directory
 #include "xparameters_ps.h"
          ^~~~~~~~~~~~~~~~~~
compilation terminated.
make: *** [src/subdir.mk:23: src/ledEMIOcontrol.o] Error 1
22:58:07 **** Auto Build of project led_EMIO_bsp ****
make -k all 
"Running Make include in ps7_cortexa9_0/libsrc/coresightps_dcc_v1_5/src"
make -C ps7_cortexa9_0/libsrc/coresightps_dcc_v1_5/src -s include  "SHELL=CMD" "COMPILER=arm-none-eabi-gcc" "ARCHIVER=arm-none-eabi-ar" "COMPILER_FLAGS=  -O2 -c" "EXTRA_COMPILER_FLAGS=-mcpu=cortex-a9 -mfpu=vfpv3 -mfloat-abi=hard -nostartfiles -g -Wall -Wextra"
"Running Make include in ps7_cortexa9_0/libsrc/cpu_cortexa9_v2_7/src"
make -C ps7_cortexa9_0/libsrc/cpu_cortexa9_v2_7/src -s include  "SHELL=CMD" "COMPILER=arm-none-eabi-gcc" "ARCHIVER=arm-none-eabi-ar" "COMPILER_FLAGS=  -O2 -c" "EXTRA_COMPILER_FLAGS=-mcpu=cortex-a9 -mfpu=vfpv3 -mfloat-abi=hard -nostartfiles -g -Wall -Wextra"
"Running Make include in ps7_cortexa9_0/libsrc/ddrps_v1_0/src"
make -C ps7_cortexa9_0/libsrc/ddrps_v1_0/src -s include  "SHELL=CMD" "COMPILER=arm-none-eabi-gcc" "ARCHIVER=arm-none-eabi-ar" "COMPILER_FLAGS=  -O2 -c" "EXTRA_COMPILER_FLAGS=-mcpu=cortex-a9 -mfpu=vfpv3 -mfloat-abi=hard -nostartfiles -g -Wall -Wextra"
"Running Make include in ps7_cortexa9_0/libsrc/devcfg_v3_5/src"
make -C ps7_cortexa9_0/libsrc/devcfg_v3_5/src -s include  "SHELL=CMD" "COMPILER=arm-none-eabi-gcc" "ARCHIVER=arm-none-eabi-ar" "COMPILER_FLAGS=  -O2 -c" "EXTRA_COMPILER_FLAGS=-mcpu=cortex-a9 -mfpu=vfpv3 -mfloat-abi=hard -nostartfiles -g -Wall -Wextra"
"Running Make include in ps7_cortexa9_0/libsrc/dmaps_v2_4/src"
make -C ps7_cortexa9_0/libsrc/dmaps_v2_4/src -s include  "SHELL=CMD" "COMPILER=arm-none-eabi-gcc" "ARCHIVER=arm-none-eabi-ar" "COMPILER_FLAGS=  -O2 -c" "EXTRA_COMPILER_FLAGS=-mcpu=cortex-a9 -mfpu=vfpv3 -mfloat-abi=hard -nostartfiles -g -Wall -Wextra"
"Running Make include in ps7_cortexa9_0/libsrc/gpiops_v3_5/src"
make -C ps7_cortexa9_0/libsrc/gpiops_v3_5/src -s include  "SHELL=CMD" "COMPILER=arm-none-eabi-gcc" "ARCHIVER=arm-none-eabi-ar" "COMPILER_FLAGS=  -O2 -c" "EXTRA_COMPILER_FLAGS=-mcpu=cortex-a9 -mfpu=vfpv3 -mfloat-abi=hard -nostartfiles -g -Wall -Wextra"
"Running Make include in ps7_cortexa9_0/libsrc/scugic_v4_0/src"
make -C ps7_cortexa9_0/libsrc/scugic_v4_0/src -s include  "SHELL=CMD" "COMPILER=arm-none-eabi-gcc" "ARCHIVER=arm-none-eabi-ar" "COMPILER_FLAGS=  -O2 -c" "EXTRA_COMPILER_FLAGS=-mcpu=cortex-a9 -mfpu=vfpv3 -mfloat-abi=hard -nostartfiles -g -Wall -Wextra"
"Running Make include in ps7_cortexa9_0/libsrc/scutimer_v2_1/src"
make -C ps7_cortexa9_0/libsrc/scutimer_v2_1/src -s include  "SHELL=CMD" "COMPILER=arm-none-eabi-gcc" "ARCHIVER=arm-none-eabi-ar" "COMPILER_FLAGS=  -O2 -c" "EXTRA_COMPILER_FLAGS=-mcpu=cortex-a9 -mfpu=vfpv3 -mfloat-abi=hard -nostartfiles -g -Wall -Wextra"
"Running Make include in ps7_cortexa9_0/libsrc/scuwdt_v2_1/src"
make -C ps7_cortexa9_0/libsrc/scuwdt_v2_1/src -s include  "SHELL=CMD" "COMPILER=arm-none-eabi-gcc" "ARCHIVER=arm-none-eabi-ar" "COMPILER_FLAGS=  -O2 -c" "EXTRA_COMPILER_FLAGS=-mcpu=cortex-a9 -mfpu=vfpv3 -mfloat-abi=hard -nostartfiles -g -Wall -Wextra"
"Running Make include in ps7_cortexa9_0/libsrc/standalone_v7_0/src"
make -C ps7_cortexa9_0/libsrc/standalone_v7_0/src -s include  "SHELL=CMD" "COMPILER=arm-none-eabi-gcc" "ARCHIVER=arm-none-eabi-ar" "COMPILER_FLAGS=  -O2 -c" "EXTRA_COMPILER_FLAGS=-mcpu=cortex-a9 -mfpu=vfpv3 -mfloat-abi=hard -nostartfiles -g -Wall -Wextra"
"Running Make include in ps7_cortexa9_0/libsrc/uartps_v3_7/src"
make -C ps7_cortexa9_0/libsrc/uartps_v3_7/src -s include  "SHELL=CMD" "COMPILER=arm-none-eabi-gcc" "ARCHIVER=arm-none-eabi-ar" "COMPILER_FLAGS=  -O2 -c" "EXTRA_COMPILER_FLAGS=-mcpu=cortex-a9 -mfpu=vfpv3 -mfloat-abi=hard -nostartfiles -g -Wall -Wextra"
"Running Make include in ps7_cortexa9_0/libsrc/xadcps_v2_3/src"
make -C ps7_cortexa9_0/libsrc/xadcps_v2_3/src -s include  "SHELL=CMD" "COMPILER=arm-none-eabi-gcc" "ARCHIVER=arm-none-eabi-ar" "COMPILER_FLAGS=  -O2 -c" "EXTRA_COMPILER_FLAGS=-mcpu=cortex-a9 -mfpu=vfpv3 -mfloat-abi=hard -nostartfiles -g -Wall -Wextra"
"Running Make libs in ps7_cortexa9_0/libsrc/coresightps_dcc_v1_5/src"
make -C ps7_cortexa9_0/libsrc/coresightps_dcc_v1_5/src -s libs  "SHELL=CMD" "COMPILER=arm-none-eabi-gcc" "ARCHIVER=arm-none-eabi-ar" "COMPILER_FLAGS=  -O2 -c" "EXTRA_COMPILER_FLAGS=-mcpu=cortex-a9 -mfpu=vfpv3 -mfloat-abi=hard -nostartfiles -g -Wall -Wextra"
"Compiling coresightps_dcc"
arm-none-eabi-ar: creating ../../../lib/libxil.a
"Running Make libs in ps7_cortexa9_0/libsrc/cpu_cortexa9_v2_7/src"
make -C ps7_cortexa9_0/libsrc/cpu_cortexa9_v2_7/src -s libs  "SHELL=CMD" "COMPILER=arm-none-eabi-gcc" "ARCHIVER=arm-none-eabi-ar" "COMPILER_FLAGS=  -O2 -c" "EXTRA_COMPILER_FLAGS=-mcpu=cortex-a9 -mfpu=vfpv3 -mfloat-abi=hard -nostartfiles -g -Wall -Wextra"
"Compiling cpu_cortexa9"
"Running Make libs in ps7_cortexa9_0/libsrc/ddrps_v1_0/src"
make -C ps7_cortexa9_0/libsrc/ddrps_v1_0/src -s libs  "SHELL=CMD" "COMPILER=arm-none-eabi-gcc" "ARCHIVER=arm-none-eabi-ar" "COMPILER_FLAGS=  -O2 -c" "EXTRA_COMPILER_FLAGS=-mcpu=cortex-a9 -mfpu=vfpv3 -mfloat-abi=hard -nostartfiles -g -Wall -Wextra"
"Compiling ddrps"
"Running Make libs in ps7_cortexa9_0/libsrc/devcfg_v3_5/src"
make -C ps7_cortexa9_0/libsrc/devcfg_v3_5/src -s libs  "SHELL=CMD" "COMPILER=arm-none-eabi-gcc" "ARCHIVER=arm-none-eabi-ar" "COMPILER_FLAGS=  -O2 -c" "EXTRA_COMPILER_FLAGS=-mcpu=cortex-a9 -mfpu=vfpv3 -mfloat-abi=hard -nostartfiles -g -Wall -Wextra"
"Compiling devcfg"
"Running Make libs in ps7_cortexa9_0/libsrc/dmaps_v2_4/src"
make -C ps7_cortexa9_0/libsrc/dmaps_v2_4/src -s libs  "SHELL=CMD" "COMPILER=arm-none-eabi-gcc" "ARCHIVER=arm-none-eabi-ar" "COMPILER_FLAGS=  -O2 -c" "EXTRA_COMPILER_FLAGS=-mcpu=cortex-a9 -mfpu=vfpv3 -mfloat-abi=hard -nostartfiles -g -Wall -Wextra"
"Compiling dmaps"
"Running Make libs in ps7_cortexa9_0/libsrc/gpiops_v3_5/src"
make -C ps7_cortexa9_0/libsrc/gpiops_v3_5/src -s libs  "SHELL=CMD" "COMPILER=arm-none-eabi-gcc" "ARCHIVER=arm-none-eabi-ar" "COMPILER_FLAGS=  -O2 -c" "EXTRA_COMPILER_FLAGS=-mcpu=cortex-a9 -mfpu=vfpv3 -mfloat-abi=hard -nostartfiles -g -Wall -Wextra"
"Compiling gpiops"
"Running Make libs in ps7_cortexa9_0/libsrc/scugic_v4_0/src"
make -C ps7_cortexa9_0/libsrc/scugic_v4_0/src -s libs  "SHELL=CMD" "COMPILER=arm-none-eabi-gcc" "ARCHIVER=arm-none-eabi-ar" "COMPILER_FLAGS=  -O2 -c" "EXTRA_COMPILER_FLAGS=-mcpu=cortex-a9 -mfpu=vfpv3 -mfloat-abi=hard -nostartfiles -g -Wall -Wextra"
"Compiling scugic"
"Running Make libs in ps7_cortexa9_0/libsrc/scutimer_v2_1/src"
make -C ps7_cortexa9_0/libsrc/scutimer_v2_1/src -s libs  "SHELL=CMD" "COMPILER=arm-none-eabi-gcc" "ARCHIVER=arm-none-eabi-ar" "COMPILER_FLAGS=  -O2 -c" "EXTRA_COMPILER_FLAGS=-mcpu=cortex-a9 -mfpu=vfpv3 -mfloat-abi=hard -nostartfiles -g -Wall -Wextra"
"Compiling scutimer"
"Running Make libs in ps7_cortexa9_0/libsrc/scuwdt_v2_1/src"
make -C ps7_cortexa9_0/libsrc/scuwdt_v2_1/src -s libs  "SHELL=CMD" "COMPILER=arm-none-eabi-gcc" "ARCHIVER=arm-none-eabi-ar" "COMPILER_FLAGS=  -O2 -c" "EXTRA_COMPILER_FLAGS=-mcpu=cortex-a9 -mfpu=vfpv3 -mfloat-abi=hard -nostartfiles -g -Wall -Wextra"
"Compiling scuwdt"
"Running Make libs in ps7_cortexa9_0/libsrc/standalone_v7_0/src"
make -C ps7_cortexa9_0/libsrc/standalone_v7_0/src -s libs  "SHELL=CMD" "COMPILER=arm-none-eabi-gcc" "ARCHIVER=arm-none-eabi-ar" "COMPILER_FLAGS=  -O2 -c" "EXTRA_COMPILER_FLAGS=-mcpu=cortex-a9 -mfpu=vfpv3 -mfloat-abi=hard -nostartfiles -g -Wall -Wextra"
"Compiling standalone"
In file included from usleep.c:56:
xtime_l.h:87:9: note: #pragma message: For the sleep routines, Global timer is being used
 #pragma message ("For the sleep routines, Global timer is being used")
         ^~~~~~~
In file included from xil_sleeptimer.c:51:
xtime_l.h:87:9: note: #pragma message: For the sleep routines, Global timer is being used
 #pragma message ("For the sleep routines, Global timer is being used")
         ^~~~~~~
In file included from xtime_l.c:49:
xtime_l.h:87:9: note: #pragma message: For the sleep routines, Global timer is being used
 #pragma message ("For the sleep routines, Global timer is being used")
         ^~~~~~~
In file included from sleep.c:53:
xtime_l.h:87:9: note: #pragma message: For the sleep routines, Global timer is being used
 #pragma message ("For the sleep routines, Global timer is being used")
         ^~~~~~~
"Running Make libs in ps7_cortexa9_0/libsrc/uartps_v3_7/src"
make -C ps7_cortexa9_0/libsrc/uartps_v3_7/src -s libs  "SHELL=CMD" "COMPILER=arm-none-eabi-gcc" "ARCHIVER=arm-none-eabi-ar" "COMPILER_FLAGS=  -O2 -c" "EXTRA_COMPILER_FLAGS=-mcpu=cortex-a9 -mfpu=vfpv3 -mfloat-abi=hard -nostartfiles -g -Wall -Wextra"
"Compiling uartps"
"Running Make libs in ps7_cortexa9_0/libsrc/xadcps_v2_3/src"
make -C ps7_cortexa9_0/libsrc/xadcps_v2_3/src -s libs  "SHELL=CMD" "COMPILER=arm-none-eabi-gcc" "ARCHIVER=arm-none-eabi-ar" "COMPILER_FLAGS=  -O2 -c" "EXTRA_COMPILER_FLAGS=-mcpu=cortex-a9 -mfpu=vfpv3 -mfloat-abi=hard -nostartfiles -g -Wall -Wextra"
"Compiling xadcps"
'Finished building libraries'
22:58:34 **** Auto Build of configuration Debug for project led_EMIO ****
make pre-build main-build 
a9-linaro-pre-build-step
' '
'Building file: ../src/ledEMIOcontrol.c'
'Invoking: ARM v7 gcc compiler'
arm-none-eabi-gcc -Wall -O0 -g3 -c -fmessage-length=0 -MT"src/ledEMIOcontrol.o" -mcpu=cortex-a9 -mfpu=vfpv3 -mfloat-abi=hard -I../../led_EMIO_bsp/ps7_cortexa9_0/include -MMD -MP -MF"src/ledEMIOcontrol.d" -MT"src/ledEMIOcontrol.o" -o "src/ledEMIOcontrol.o" "../src/ledEMIOcontrol.c"
'Finished building: ../src/ledEMIOcontrol.c'
' '
'Building target: led_EMIO.elf'
'Invoking: ARM v7 gcc linker'
arm-none-eabi-gcc -mcpu=cortex-a9 -mfpu=vfpv3 -mfloat-abi=hard -Wl,-build-id=none -specs=Xilinx.spec -Wl,-T -Wl,../src/lscript.ld -L../../led_EMIO_bsp/ps7_cortexa9_0/lib -o "led_EMIO.elf"  ./src/ledEMIOcontrol.o   -Wl,--start-group,-lxil,-lgcc,-lc,--end-group
'Finished building target: led_EMIO.elf'
' '
'Invoking: ARM v7 Print Size'
arm-none-eabi-size led_EMIO.elf  |tee "led_EMIO.elf.size"
   text	   data	    bss	    dec	    hex	filename
  36656	   1560	  23304	  61520	   f050	led_EMIO.elf
'Finished building: led_EMIO.elf.size'
' '
22:59:10 **** Incremental Build of configuration Debug for project led_EMIO ****
make pre-build main-build 
a9-linaro-pre-build-step
' '
make: Nothing to be done for 'main-build'.
23:00:08 **** Auto Build of configuration Debug for project led_EMIO ****
make pre-build main-build 
a9-linaro-pre-build-step
' '
'Building file: ../src/ledEMIOcontrol.c'
'Invoking: ARM v7 gcc compiler'
arm-none-eabi-gcc -Wall -O0 -g3 -c -fmessage-length=0 -MT"src/ledEMIOcontrol.o" -mcpu=cortex-a9 -mfpu=vfpv3 -mfloat-abi=hard -I../../led_EMIO_bsp/ps7_cortexa9_0/include -MMD -MP -MF"src/ledEMIOcontrol.d" -MT"src/ledEMIOcontrol.o" -o "src/ledEMIOcontrol.o" "../src/ledEMIOcontrol.c"
../src/ledEMIOcontrol.c: In function 'main':
../src/ledEMIOcontrol.c:49:24: warning: left-hand operand of comma expression has no effect [-Wunused-value]
   for(int i=0 ; i<99999, i++);
                        ^
../src/ledEMIOcontrol.c:49:29: error: expected ';' before ')' token
   for(int i=0 ; i<99999, i++);
                             ^
                             ;
make: *** [src/subdir.mk:23: src/ledEMIOcontrol.o] Error 1
23:00:13 **** Auto Build of configuration Debug for project led_EMIO ****
make pre-build main-build 
a9-linaro-pre-build-step
' '
'Building file: ../src/ledEMIOcontrol.c'
'Invoking: ARM v7 gcc compiler'
arm-none-eabi-gcc -Wall -O0 -g3 -c -fmessage-length=0 -MT"src/ledEMIOcontrol.o" -mcpu=cortex-a9 -mfpu=vfpv3 -mfloat-abi=hard -I../../led_EMIO_bsp/ps7_cortexa9_0/include -MMD -MP -MF"src/ledEMIOcontrol.d" -MT"src/ledEMIOcontrol.o" -o "src/ledEMIOcontrol.o" "../src/ledEMIOcontrol.c"
'Finished building: ../src/ledEMIOcontrol.c'
' '
'Building target: led_EMIO.elf'
'Invoking: ARM v7 gcc linker'
arm-none-eabi-gcc -mcpu=cortex-a9 -mfpu=vfpv3 -mfloat-abi=hard -Wl,-build-id=none -specs=Xilinx.spec -Wl,-T -Wl,../src/lscript.ld -L../../led_EMIO_bsp/ps7_cortexa9_0/lib -o "led_EMIO.elf"  ./src/ledEMIOcontrol.o   -Wl,--start-group,-lxil,-lgcc,-lc,--end-group
'Finished building target: led_EMIO.elf'
' '
'Invoking: ARM v7 Print Size'
arm-none-eabi-size led_EMIO.elf  |tee "led_EMIO.elf.size"
   text	   data	    bss	    dec	    hex	filename
  36724	   1560	  23304	  61588	   f094	led_EMIO.elf
'Finished building: led_EMIO.elf.size'
' '
23:00:33 **** Incremental Build of configuration Debug for project led_EMIO ****
make pre-build main-build 
a9-linaro-pre-build-step
' '
make: Nothing to be done for 'main-build'.
23:01:58 **** Auto Build of configuration Debug for project led_EMIO ****
make pre-build main-build 
a9-linaro-pre-build-step
' '
'Building file: ../src/ledEMIOcontrol.c'
'Invoking: ARM v7 gcc compiler'
arm-none-eabi-gcc -Wall -O0 -g3 -c -fmessage-length=0 -MT"src/ledEMIOcontrol.o" -mcpu=cortex-a9 -mfpu=vfpv3 -mfloat-abi=hard -I../../led_EMIO_bsp/ps7_cortexa9_0/include -MMD -MP -MF"src/ledEMIOcontrol.d" -MT"src/ledEMIOcontrol.o" -o "src/ledEMIOcontrol.o" "../src/ledEMIOcontrol.c"
'Finished building: ../src/ledEMIOcontrol.c'
' '
'Building target: led_EMIO.elf'
'Invoking: ARM v7 gcc linker'
arm-none-eabi-gcc -mcpu=cortex-a9 -mfpu=vfpv3 -mfloat-abi=hard -Wl,-build-id=none -specs=Xilinx.spec -Wl,-T -Wl,../src/lscript.ld -L../../led_EMIO_bsp/ps7_cortexa9_0/lib -o "led_EMIO.elf"  ./src/ledEMIOcontrol.o   -Wl,--start-group,-lxil,-lgcc,-lc,--end-group
'Finished building target: led_EMIO.elf'
' '
'Invoking: ARM v7 Print Size'
arm-none-eabi-size led_EMIO.elf  |tee "led_EMIO.elf.size"
   text	   data	    bss	    dec	    hex	filename
  36724	   1560	  23304	  61588	   f094	led_EMIO.elf
'Finished building: led_EMIO.elf.size'
' '
23:02:07 **** Incremental Build of configuration Debug for project led_EMIO ****
make pre-build main-build 
a9-linaro-pre-build-step
' '
make: Nothing to be done for 'main-build'.
23:02:20 **** Auto Build of configuration Debug for project led_EMIO ****
make pre-build main-build 
a9-linaro-pre-build-step
' '
'Building file: ../src/ledEMIOcontrol.c'
'Invoking: ARM v7 gcc compiler'
arm-none-eabi-gcc -Wall -O0 -g3 -c -fmessage-length=0 -MT"src/ledEMIOcontrol.o" -mcpu=cortex-a9 -mfpu=vfpv3 -mfloat-abi=hard -I../../led_EMIO_bsp/ps7_cortexa9_0/include -MMD -MP -MF"src/ledEMIOcontrol.d" -MT"src/ledEMIOcontrol.o" -o "src/ledEMIOcontrol.o" "../src/ledEMIOcontrol.c"
'Finished building: ../src/ledEMIOcontrol.c'
' '
'Building target: led_EMIO.elf'
'Invoking: ARM v7 gcc linker'
arm-none-eabi-gcc -mcpu=cortex-a9 -mfpu=vfpv3 -mfloat-abi=hard -Wl,-build-id=none -specs=Xilinx.spec -Wl,-T -Wl,../src/lscript.ld -L../../led_EMIO_bsp/ps7_cortexa9_0/lib -o "led_EMIO.elf"  ./src/ledEMIOcontrol.o   -Wl,--start-group,-lxil,-lgcc,-lc,--end-group
'Finished building target: led_EMIO.elf'
' '
'Invoking: ARM v7 Print Size'
arm-none-eabi-size led_EMIO.elf  |tee "led_EMIO.elf.size"
   text	   data	    bss	    dec	    hex	filename
  36724	   1560	  23304	  61588	   f094	led_EMIO.elf
'Finished building: led_EMIO.elf.size'
' '
23:02:26 **** Incremental Build of configuration Debug for project led_EMIO ****
make pre-build main-build 
a9-linaro-pre-build-step
' '
make: Nothing to be done for 'main-build'.
23:02:51 **** Auto Build of configuration Debug for project led_EMIO ****
make pre-build main-build 
a9-linaro-pre-build-step
' '
'Building file: ../src/ledEMIOcontrol.c'
'Invoking: ARM v7 gcc compiler'
arm-none-eabi-gcc -Wall -O0 -g3 -c -fmessage-length=0 -MT"src/ledEMIOcontrol.o" -mcpu=cortex-a9 -mfpu=vfpv3 -mfloat-abi=hard -I../../led_EMIO_bsp/ps7_cortexa9_0/include -MMD -MP -MF"src/ledEMIOcontrol.d" -MT"src/ledEMIOcontrol.o" -o "src/ledEMIOcontrol.o" "../src/ledEMIOcontrol.c"
'Finished building: ../src/ledEMIOcontrol.c'
' '
'Building target: led_EMIO.elf'
'Invoking: ARM v7 gcc linker'
arm-none-eabi-gcc -mcpu=cortex-a9 -mfpu=vfpv3 -mfloat-abi=hard -Wl,-build-id=none -specs=Xilinx.spec -Wl,-T -Wl,../src/lscript.ld -L../../led_EMIO_bsp/ps7_cortexa9_0/lib -o "led_EMIO.elf"  ./src/ledEMIOcontrol.o   -Wl,--start-group,-lxil,-lgcc,-lc,--end-group
'Finished building target: led_EMIO.elf'
' '
'Invoking: ARM v7 Print Size'
arm-none-eabi-size led_EMIO.elf  |tee "led_EMIO.elf.size"
   text	   data	    bss	    dec	    hex	filename
  36724	   1560	  23304	  61588	   f094	led_EMIO.elf
'Finished building: led_EMIO.elf.size'
' '
23:02:55 **** Incremental Build of configuration Debug for project led_EMIO ****
make pre-build main-build 
a9-linaro-pre-build-step
' '
make: Nothing to be done for 'main-build'.
23:03:10 **** Incremental Build of configuration Debug for project led_EMIO ****
make pre-build main-build 
a9-linaro-pre-build-step
' '
make: Nothing to be done for 'main-build'.
23:03:42 **** Auto Build of configuration Debug for project led_EMIO ****
make pre-build main-build 
a9-linaro-pre-build-step
' '
'Building file: ../src/ledEMIOcontrol.c'
'Invoking: ARM v7 gcc compiler'
arm-none-eabi-gcc -Wall -O0 -g3 -c -fmessage-length=0 -MT"src/ledEMIOcontrol.o" -mcpu=cortex-a9 -mfpu=vfpv3 -mfloat-abi=hard -I../../led_EMIO_bsp/ps7_cortexa9_0/include -MMD -MP -MF"src/ledEMIOcontrol.d" -MT"src/ledEMIOcontrol.o" -o "src/ledEMIOcontrol.o" "../src/ledEMIOcontrol.c"
'Finished building: ../src/ledEMIOcontrol.c'
' '
'Building target: led_EMIO.elf'
'Invoking: ARM v7 gcc linker'
arm-none-eabi-gcc -mcpu=cortex-a9 -mfpu=vfpv3 -mfloat-abi=hard -Wl,-build-id=none -specs=Xilinx.spec -Wl,-T -Wl,../src/lscript.ld -L../../led_EMIO_bsp/ps7_cortexa9_0/lib -o "led_EMIO.elf"  ./src/ledEMIOcontrol.o   -Wl,--start-group,-lxil,-lgcc,-lc,--end-group
'Finished building target: led_EMIO.elf'
' '
'Invoking: ARM v7 Print Size'
arm-none-eabi-size led_EMIO.elf  |tee "led_EMIO.elf.size"
   text	   data	    bss	    dec	    hex	filename
  36724	   1560	  23304	  61588	   f094	led_EMIO.elf
'Finished building: led_EMIO.elf.size'
' '
23:03:46 **** Incremental Build of configuration Debug for project led_EMIO ****
make pre-build main-build 
a9-linaro-pre-build-step
' '
make: Nothing to be done for 'main-build'.
