#-----------------------------------------------------------
# Vivado v2019.1 (64-bit)
# SW Build 2552052 on Fri May 24 14:49:42 MDT 2019
# IP Build 2548770 on Fri May 24 18:01:18 MDT 2019
# Start of session at: Thu Mar 26 22:53:56 2020
# Process ID: 17172
# Current directory: C:/Users/danie/Documents/Repaso_VIVADO/comblock
# Command line: vivado.exe -gui_launcher_event rodinguilauncherevent1804 C:\Users\danie\Documents\Repaso_VIVADO\comblock\comblock.xpr
# Log file: C:/Users/danie/Documents/Repaso_VIVADO/comblock/vivado.log
# Journal file: C:/Users/danie/Documents/Repaso_VIVADO/comblock\vivado.jou
#-----------------------------------------------------------
start_gui
open_project C:/Users/danie/Documents/Repaso_VIVADO/comblock/comblock.xpr
update_compile_order -fileset sources_1
file mkdir C:/Users/danie/Documents/Repaso_VIVADO/comblock/comblock.sdk
file copy -force C:/Users/danie/Documents/Repaso_VIVADO/comblock/comblock.runs/impl_1/Comblock_desing_wrapper.sysdef C:/Users/danie/Documents/Repaso_VIVADO/comblock/comblock.sdk/Comblock_desing_wrapper.hdf

launch_sdk -workspace C:/Users/danie/Documents/Repaso_VIVADO/comblock/comblock.sdk -hwspec C:/Users/danie/Documents/Repaso_VIVADO/comblock/comblock.sdk/Comblock_desing_wrapper.hdf
open_bd_design {C:/Users/danie/Documents/Repaso_VIVADO/comblock/comblock.srcs/sources_1/bd/Comblock_desing/Comblock_desing.bd}
regenerate_bd_layout -routing
