21:57:50 **** Auto Build of configuration Debug for project complock_test ****
make pre-build main-build 
a9-linaro-pre-build-step
' '
'Building file: ../src/comblock_test.c'
'Invoking: ARM v7 gcc compiler'
arm-none-eabi-gcc -Wall -O0 -g3 -c -fmessage-length=0 -MT"src/comblock_test.o" -mcpu=cortex-a9 -mfpu=vfpv3 -mfloat-abi=hard -I../../complock_test_bsp/ps7_cortexa9_0/include -MMD -MP -MF"src/comblock_test.d" -MT"src/comblock_test.o" -o "src/comblock_test.o" "../src/comblock_test.c"
'Finished building: ../src/comblock_test.c'
' '
'Building target: complock_test.elf'
'Invoking: ARM v7 gcc linker'
arm-none-eabi-gcc -mcpu=cortex-a9 -mfpu=vfpv3 -mfloat-abi=hard -Wl,-build-id=none -specs=Xilinx.spec -Wl,-T -Wl,../src/lscript.ld -L../../complock_test_bsp/ps7_cortexa9_0/lib -o "complock_test.elf"  ./src/comblock_test.o   -Wl,--start-group,-lxil,-lgcc,-lc,--end-group
'Finished building target: complock_test.elf'
' '
'Invoking: ARM v7 Print Size'
arm-none-eabi-size complock_test.elf  |tee "complock_test.elf.size"
   text	   data	    bss	    dec	    hex	filename
  29912	   1544	  23256	  54712	   d5b8	complock_test.elf
'Finished building: complock_test.elf.size'
' '

21:57:53 Build Finished (took 2s.492ms)

