23:02:09 **** Build of project complock_test_bsp ****
make -k all 
"Running Make include in ps7_cortexa9_0/libsrc/comblock_v2_0/src"
make -C ps7_cortexa9_0/libsrc/comblock_v2_0/src -s include  "SHELL=CMD" "COMPILER=arm-none-eabi-gcc" "ARCHIVER=arm-none-eabi-ar" "COMPILER_FLAGS=  -O2 -c" "EXTRA_COMPILER_FLAGS=-mcpu=cortex-a9 -mfpu=vfpv3 -mfloat-abi=hard -nostartfiles -g -Wall -Wextra"
"Running Make include in ps7_cortexa9_0/libsrc/coresightps_dcc_v1_5/src"
make -C ps7_cortexa9_0/libsrc/coresightps_dcc_v1_5/src -s include  "SHELL=CMD" "COMPILER=arm-none-eabi-gcc" "ARCHIVER=arm-none-eabi-ar" "COMPILER_FLAGS=  -O2 -c" "EXTRA_COMPILER_FLAGS=-mcpu=cortex-a9 -mfpu=vfpv3 -mfloat-abi=hard -nostartfiles -g -Wall -Wextra"
"Running Make include in ps7_cortexa9_0/libsrc/cpu_cortexa9_v2_7/src"
make -C ps7_cortexa9_0/libsrc/cpu_cortexa9_v2_7/src -s include  "SHELL=CMD" "COMPILER=arm-none-eabi-gcc" "ARCHIVER=arm-none-eabi-ar" "COMPILER_FLAGS=  -O2 -c" "EXTRA_COMPILER_FLAGS=-mcpu=cortex-a9 -mfpu=vfpv3 -mfloat-abi=hard -nostartfiles -g -Wall -Wextra"
"Running Make include in ps7_cortexa9_0/libsrc/ddrps_v1_0/src"
make -C ps7_cortexa9_0/libsrc/ddrps_v1_0/src -s include  "SHELL=CMD" "COMPILER=arm-none-eabi-gcc" "ARCHIVER=arm-none-eabi-ar" "COMPILER_FLAGS=  -O2 -c" "EXTRA_COMPILER_FLAGS=-mcpu=cortex-a9 -mfpu=vfpv3 -mfloat-abi=hard -nostartfiles -g -Wall -Wextra"
"Running Make include in ps7_cortexa9_0/libsrc/devcfg_v3_5/src"
make -C ps7_cortexa9_0/libsrc/devcfg_v3_5/src -s include  "SHELL=CMD" "COMPILER=arm-none-eabi-gcc" "ARCHIVER=arm-none-eabi-ar" "COMPILER_FLAGS=  -O2 -c" "EXTRA_COMPILER_FLAGS=-mcpu=cortex-a9 -mfpu=vfpv3 -mfloat-abi=hard -nostartfiles -g -Wall -Wextra"
"Running Make include in ps7_cortexa9_0/libsrc/dmaps_v2_4/src"
make -C ps7_cortexa9_0/libsrc/dmaps_v2_4/src -s include  "SHELL=CMD" "COMPILER=arm-none-eabi-gcc" "ARCHIVER=arm-none-eabi-ar" "COMPILER_FLAGS=  -O2 -c" "EXTRA_COMPILER_FLAGS=-mcpu=cortex-a9 -mfpu=vfpv3 -mfloat-abi=hard -nostartfiles -g -Wall -Wextra"
"Running Make include in ps7_cortexa9_0/libsrc/gpiops_v3_5/src"
make -C ps7_cortexa9_0/libsrc/gpiops_v3_5/src -s include  "SHELL=CMD" "COMPILER=arm-none-eabi-gcc" "ARCHIVER=arm-none-eabi-ar" "COMPILER_FLAGS=  -O2 -c" "EXTRA_COMPILER_FLAGS=-mcpu=cortex-a9 -mfpu=vfpv3 -mfloat-abi=hard -nostartfiles -g -Wall -Wextra"
"Running Make include in ps7_cortexa9_0/libsrc/scugic_v4_0/src"
make -C ps7_cortexa9_0/libsrc/scugic_v4_0/src -s include  "SHELL=CMD" "COMPILER=arm-none-eabi-gcc" "ARCHIVER=arm-none-eabi-ar" "COMPILER_FLAGS=  -O2 -c" "EXTRA_COMPILER_FLAGS=-mcpu=cortex-a9 -mfpu=vfpv3 -mfloat-abi=hard -nostartfiles -g -Wall -Wextra"
"Running Make include in ps7_cortexa9_0/libsrc/scutimer_v2_1/src"
make -C ps7_cortexa9_0/libsrc/scutimer_v2_1/src -s include  "SHELL=CMD" "COMPILER=arm-none-eabi-gcc" "ARCHIVER=arm-none-eabi-ar" "COMPILER_FLAGS=  -O2 -c" "EXTRA_COMPILER_FLAGS=-mcpu=cortex-a9 -mfpu=vfpv3 -mfloat-abi=hard -nostartfiles -g -Wall -Wextra"
"Running Make include in ps7_cortexa9_0/libsrc/scuwdt_v2_1/src"
make -C ps7_cortexa9_0/libsrc/scuwdt_v2_1/src -s include  "SHELL=CMD" "COMPILER=arm-none-eabi-gcc" "ARCHIVER=arm-none-eabi-ar" "COMPILER_FLAGS=  -O2 -c" "EXTRA_COMPILER_FLAGS=-mcpu=cortex-a9 -mfpu=vfpv3 -mfloat-abi=hard -nostartfiles -g -Wall -Wextra"
"Running Make include in ps7_cortexa9_0/libsrc/standalone_v7_0/src"
make -C ps7_cortexa9_0/libsrc/standalone_v7_0/src -s include  "SHELL=CMD" "COMPILER=arm-none-eabi-gcc" "ARCHIVER=arm-none-eabi-ar" "COMPILER_FLAGS=  -O2 -c" "EXTRA_COMPILER_FLAGS=-mcpu=cortex-a9 -mfpu=vfpv3 -mfloat-abi=hard -nostartfiles -g -Wall -Wextra"
"Running Make include in ps7_cortexa9_0/libsrc/uartps_v3_7/src"
make -C ps7_cortexa9_0/libsrc/uartps_v3_7/src -s include  "SHELL=CMD" "COMPILER=arm-none-eabi-gcc" "ARCHIVER=arm-none-eabi-ar" "COMPILER_FLAGS=  -O2 -c" "EXTRA_COMPILER_FLAGS=-mcpu=cortex-a9 -mfpu=vfpv3 -mfloat-abi=hard -nostartfiles -g -Wall -Wextra"
"Running Make include in ps7_cortexa9_0/libsrc/xadcps_v2_3/src"
make -C ps7_cortexa9_0/libsrc/xadcps_v2_3/src -s include  "SHELL=CMD" "COMPILER=arm-none-eabi-gcc" "ARCHIVER=arm-none-eabi-ar" "COMPILER_FLAGS=  -O2 -c" "EXTRA_COMPILER_FLAGS=-mcpu=cortex-a9 -mfpu=vfpv3 -mfloat-abi=hard -nostartfiles -g -Wall -Wextra"
"Running Make libs in ps7_cortexa9_0/libsrc/comblock_v2_0/src"
make -C ps7_cortexa9_0/libsrc/comblock_v2_0/src -s libs  "SHELL=CMD" "COMPILER=arm-none-eabi-gcc" "ARCHIVER=arm-none-eabi-ar" "COMPILER_FLAGS=  -O2 -c" "EXTRA_COMPILER_FLAGS=-mcpu=cortex-a9 -mfpu=vfpv3 -mfloat-abi=hard -nostartfiles -g -Wall -Wextra"
"ComBlock has not C files"
"Running Make libs in ps7_cortexa9_0/libsrc/coresightps_dcc_v1_5/src"
make -C ps7_cortexa9_0/libsrc/coresightps_dcc_v1_5/src -s libs  "SHELL=CMD" "COMPILER=arm-none-eabi-gcc" "ARCHIVER=arm-none-eabi-ar" "COMPILER_FLAGS=  -O2 -c" "EXTRA_COMPILER_FLAGS=-mcpu=cortex-a9 -mfpu=vfpv3 -mfloat-abi=hard -nostartfiles -g -Wall -Wextra"
"Compiling coresightps_dcc"
arm-none-eabi-ar: creating ../../../lib/libxil.a
"Running Make libs in ps7_cortexa9_0/libsrc/cpu_cortexa9_v2_7/src"
make -C ps7_cortexa9_0/libsrc/cpu_cortexa9_v2_7/src -s libs  "SHELL=CMD" "COMPILER=arm-none-eabi-gcc" "ARCHIVER=arm-none-eabi-ar" "COMPILER_FLAGS=  -O2 -c" "EXTRA_COMPILER_FLAGS=-mcpu=cortex-a9 -mfpu=vfpv3 -mfloat-abi=hard -nostartfiles -g -Wall -Wextra"
"Compiling cpu_cortexa9"
"Running Make libs in ps7_cortexa9_0/libsrc/ddrps_v1_0/src"
make -C ps7_cortexa9_0/libsrc/ddrps_v1_0/src -s libs  "SHELL=CMD" "COMPILER=arm-none-eabi-gcc" "ARCHIVER=arm-none-eabi-ar" "COMPILER_FLAGS=  -O2 -c" "EXTRA_COMPILER_FLAGS=-mcpu=cortex-a9 -mfpu=vfpv3 -mfloat-abi=hard -nostartfiles -g -Wall -Wextra"
"Compiling ddrps"
"Running Make libs in ps7_cortexa9_0/libsrc/devcfg_v3_5/src"
make -C ps7_cortexa9_0/libsrc/devcfg_v3_5/src -s libs  "SHELL=CMD" "COMPILER=arm-none-eabi-gcc" "ARCHIVER=arm-none-eabi-ar" "COMPILER_FLAGS=  -O2 -c" "EXTRA_COMPILER_FLAGS=-mcpu=cortex-a9 -mfpu=vfpv3 -mfloat-abi=hard -nostartfiles -g -Wall -Wextra"
"Compiling devcfg"
"Running Make libs in ps7_cortexa9_0/libsrc/dmaps_v2_4/src"
make -C ps7_cortexa9_0/libsrc/dmaps_v2_4/src -s libs  "SHELL=CMD" "COMPILER=arm-none-eabi-gcc" "ARCHIVER=arm-none-eabi-ar" "COMPILER_FLAGS=  -O2 -c" "EXTRA_COMPILER_FLAGS=-mcpu=cortex-a9 -mfpu=vfpv3 -mfloat-abi=hard -nostartfiles -g -Wall -Wextra"
"Compiling dmaps"
"Running Make libs in ps7_cortexa9_0/libsrc/gpiops_v3_5/src"
make -C ps7_cortexa9_0/libsrc/gpiops_v3_5/src -s libs  "SHELL=CMD" "COMPILER=arm-none-eabi-gcc" "ARCHIVER=arm-none-eabi-ar" "COMPILER_FLAGS=  -O2 -c" "EXTRA_COMPILER_FLAGS=-mcpu=cortex-a9 -mfpu=vfpv3 -mfloat-abi=hard -nostartfiles -g -Wall -Wextra"
"Compiling gpiops"
"Running Make libs in ps7_cortexa9_0/libsrc/scugic_v4_0/src"
make -C ps7_cortexa9_0/libsrc/scugic_v4_0/src -s libs  "SHELL=CMD" "COMPILER=arm-none-eabi-gcc" "ARCHIVER=arm-none-eabi-ar" "COMPILER_FLAGS=  -O2 -c" "EXTRA_COMPILER_FLAGS=-mcpu=cortex-a9 -mfpu=vfpv3 -mfloat-abi=hard -nostartfiles -g -Wall -Wextra"
"Compiling scugic"
"Running Make libs in ps7_cortexa9_0/libsrc/scutimer_v2_1/src"
make -C ps7_cortexa9_0/libsrc/scutimer_v2_1/src -s libs  "SHELL=CMD" "COMPILER=arm-none-eabi-gcc" "ARCHIVER=arm-none-eabi-ar" "COMPILER_FLAGS=  -O2 -c" "EXTRA_COMPILER_FLAGS=-mcpu=cortex-a9 -mfpu=vfpv3 -mfloat-abi=hard -nostartfiles -g -Wall -Wextra"
"Compiling scutimer"
"Running Make libs in ps7_cortexa9_0/libsrc/scuwdt_v2_1/src"
make -C ps7_cortexa9_0/libsrc/scuwdt_v2_1/src -s libs  "SHELL=CMD" "COMPILER=arm-none-eabi-gcc" "ARCHIVER=arm-none-eabi-ar" "COMPILER_FLAGS=  -O2 -c" "EXTRA_COMPILER_FLAGS=-mcpu=cortex-a9 -mfpu=vfpv3 -mfloat-abi=hard -nostartfiles -g -Wall -Wextra"
"Compiling scuwdt"
"Running Make libs in ps7_cortexa9_0/libsrc/standalone_v7_0/src"
make -C ps7_cortexa9_0/libsrc/standalone_v7_0/src -s libs  "SHELL=CMD" "COMPILER=arm-none-eabi-gcc" "ARCHIVER=arm-none-eabi-ar" "COMPILER_FLAGS=  -O2 -c" "EXTRA_COMPILER_FLAGS=-mcpu=cortex-a9 -mfpu=vfpv3 -mfloat-abi=hard -nostartfiles -g -Wall -Wextra"
"Compiling standalone"
In file included from usleep.c:56:
xtime_l.h:87:9: note: #pragma message: For the sleep routines, Global timer is being used
 #pragma message ("For the sleep routines, Global timer is being used")
         ^~~~~~~
In file included from xil_sleeptimer.c:51:
xtime_l.h:87:9: note: #pragma message: For the sleep routines, Global timer is being used
 #pragma message ("For the sleep routines, Global timer is being used")
         ^~~~~~~
In file included from xtime_l.c:49:
xtime_l.h:87:9: note: #pragma message: For the sleep routines, Global timer is being used
 #pragma message ("For the sleep routines, Global timer is being used")
         ^~~~~~~
In file included from sleep.c:53:
xtime_l.h:87:9: note: #pragma message: For the sleep routines, Global timer is being used
 #pragma message ("For the sleep routines, Global timer is being used")
         ^~~~~~~
"Running Make libs in ps7_cortexa9_0/libsrc/uartps_v3_7/src"
make -C ps7_cortexa9_0/libsrc/uartps_v3_7/src -s libs  "SHELL=CMD" "COMPILER=arm-none-eabi-gcc" "ARCHIVER=arm-none-eabi-ar" "COMPILER_FLAGS=  -O2 -c" "EXTRA_COMPILER_FLAGS=-mcpu=cortex-a9 -mfpu=vfpv3 -mfloat-abi=hard -nostartfiles -g -Wall -Wextra"
"Compiling uartps"
"Running Make libs in ps7_cortexa9_0/libsrc/xadcps_v2_3/src"
make -C ps7_cortexa9_0/libsrc/xadcps_v2_3/src -s libs  "SHELL=CMD" "COMPILER=arm-none-eabi-gcc" "ARCHIVER=arm-none-eabi-ar" "COMPILER_FLAGS=  -O2 -c" "EXTRA_COMPILER_FLAGS=-mcpu=cortex-a9 -mfpu=vfpv3 -mfloat-abi=hard -nostartfiles -g -Wall -Wextra"
"Compiling xadcps"
'Finished building libraries'

**** Build of configuration Debug for project complock_test ****

Nothing to build for project complock_test
23:04:27 **** Auto Build of configuration Debug for project complock_test ****
make pre-build main-build 
a9-linaro-pre-build-step
' '
'Building file: ../src/comblock_test.c'
'Invoking: ARM v7 gcc compiler'
arm-none-eabi-gcc -Wall -O0 -g3 -c -fmessage-length=0 -MT"src/comblock_test.o" -mcpu=cortex-a9 -mfpu=vfpv3 -mfloat-abi=hard -I../../complock_test_bsp/ps7_cortexa9_0/include -MMD -MP -MF"src/comblock_test.d" -MT"src/comblock_test.o" -o "src/comblock_test.o" "../src/comblock_test.c"
'Finished building: ../src/comblock_test.c'
' '
'Building target: complock_test.elf'
'Invoking: ARM v7 gcc linker'
arm-none-eabi-gcc -mcpu=cortex-a9 -mfpu=vfpv3 -mfloat-abi=hard -Wl,-build-id=none -specs=Xilinx.spec -Wl,-T -Wl,../src/lscript.ld -L../../complock_test_bsp/ps7_cortexa9_0/lib -o "complock_test.elf"  ./src/comblock_test.o   -Wl,--start-group,-lxil,-lgcc,-lc,--end-group
c:/xilinx/sdk/2019.1/gnu/aarch32/nt/gcc-arm-none-eabi/bin/../lib/gcc/arm-none-eabi/8.2.0/../../../../arm-none-eabi/bin/ld.exe: ../../complock_test_bsp/ps7_cortexa9_0/lib\libxil.a(xil-crt0.o): in function `_start':
C:\Users\danie\Documents\Repaso_VIVADO\comblock\comblock.sdk\complock_test_bsp\ps7_cortexa9_0\libsrc\standalone_v7_0\src/xil-crt0.S:138: undefined reference to `main'
collect2.exe: error: ld returned 1 exit status
make: *** [makefile:41: complock_test.elf] Error 1
23:28:03 **** Auto Build of configuration Debug for project complock_test ****
make pre-build main-build 
a9-linaro-pre-build-step
' '
'Building file: ../src/comblock_test.c'
'Invoking: ARM v7 gcc compiler'
arm-none-eabi-gcc -Wall -O0 -g3 -c -fmessage-length=0 -MT"src/comblock_test.o" -mcpu=cortex-a9 -mfpu=vfpv3 -mfloat-abi=hard -I../../complock_test_bsp/ps7_cortexa9_0/include -MMD -MP -MF"src/comblock_test.d" -MT"src/comblock_test.o" -o "src/comblock_test.o" "../src/comblock_test.c"
../src/comblock_test.c:13: warning: "XPAR_COMBLOCK_0_AXIL_BASEADDR" redefined
 #define XPAR_COMBLOCK_0_AXIL_BASEADDR baseaddr
 
In file included from ../src/comblock_test.c:9:
../../complock_test_bsp/ps7_cortexa9_0/include/xparameters.h:39: note: this is the location of the previous definition
 #define XPAR_COMBLOCK_0_AXIL_BASEADDR 0x43C00000
 
../src/comblock_test.c:14: warning: "CB_IREG1" redefined
 #define CB_IREG1 reg_in1
 
In file included from ../src/comblock_test.c:8:
../../complock_test_bsp/ps7_cortexa9_0/include/comblock.h:11: note: this is the location of the previous definition
 #define CB_IREG1             1
 
../src/comblock_test.c:15: warning: "CB_OREG1" redefined
 #define CB_OREG1 reg_out1
 
In file included from ../src/comblock_test.c:8:
../../complock_test_bsp/ps7_cortexa9_0/include/comblock.h:28: note: this is the location of the previous definition
 #define CB_OREG1             17
 
../src/comblock_test.c: In function 'main':
../src/comblock_test.c:21:10: error: 'baseaddr' undeclared (first use in this function)
  cbWrite(baseaddr, reg_out1, 0x99);
          ^~~~~~~~
../src/comblock_test.c:21:10: note: each undeclared identifier is reported only once for each function it appears in
../src/comblock_test.c:21:20: error: 'reg_out1' undeclared (first use in this function)
  cbWrite(baseaddr, reg_out1, 0x99);
                    ^~~~~~~~
../src/comblock_test.c:22:27: error: 'reg_in1' undeclared (first use in this function)
  value = cbRead(baseaddr, reg_in1);
                           ^~~~~~~
make: *** [src/subdir.mk:23: src/comblock_test.o] Error 1
23:28:39 **** Auto Build of configuration Debug for project complock_test ****
make pre-build main-build 
a9-linaro-pre-build-step
' '
'Building file: ../src/comblock_test.c'
'Invoking: ARM v7 gcc compiler'
arm-none-eabi-gcc -Wall -O0 -g3 -c -fmessage-length=0 -MT"src/comblock_test.o" -mcpu=cortex-a9 -mfpu=vfpv3 -mfloat-abi=hard -I../../complock_test_bsp/ps7_cortexa9_0/include -MMD -MP -MF"src/comblock_test.d" -MT"src/comblock_test.o" -o "src/comblock_test.o" "../src/comblock_test.c"
'Finished building: ../src/comblock_test.c'
' '
'Building target: complock_test.elf'
'Invoking: ARM v7 gcc linker'
arm-none-eabi-gcc -mcpu=cortex-a9 -mfpu=vfpv3 -mfloat-abi=hard -Wl,-build-id=none -specs=Xilinx.spec -Wl,-T -Wl,../src/lscript.ld -L../../complock_test_bsp/ps7_cortexa9_0/lib -o "complock_test.elf"  ./src/comblock_test.o   -Wl,--start-group,-lxil,-lgcc,-lc,--end-group
'Finished building target: complock_test.elf'
' '
'Invoking: ARM v7 Print Size'
arm-none-eabi-size complock_test.elf  |tee "complock_test.elf.size"
   text	   data	    bss	    dec	    hex	filename
  29528	   1544	  23256	  54328	   d438	complock_test.elf
'Finished building: complock_test.elf.size'
' '
23:30:31 **** Auto Build of configuration Debug for project complock_test ****
make pre-build main-build 
a9-linaro-pre-build-step
' '
'Building file: ../src/comblock_test.c'
'Invoking: ARM v7 gcc compiler'
arm-none-eabi-gcc -Wall -O0 -g3 -c -fmessage-length=0 -MT"src/comblock_test.o" -mcpu=cortex-a9 -mfpu=vfpv3 -mfloat-abi=hard -I../../complock_test_bsp/ps7_cortexa9_0/include -MMD -MP -MF"src/comblock_test.d" -MT"src/comblock_test.o" -o "src/comblock_test.o" "../src/comblock_test.c"
'Finished building: ../src/comblock_test.c'
' '
'Building target: complock_test.elf'
'Invoking: ARM v7 gcc linker'
arm-none-eabi-gcc -mcpu=cortex-a9 -mfpu=vfpv3 -mfloat-abi=hard -Wl,-build-id=none -specs=Xilinx.spec -Wl,-T -Wl,../src/lscript.ld -L../../complock_test_bsp/ps7_cortexa9_0/lib -o "complock_test.elf"  ./src/comblock_test.o   -Wl,--start-group,-lxil,-lgcc,-lc,--end-group
'Finished building target: complock_test.elf'
' '
'Invoking: ARM v7 Print Size'
arm-none-eabi-size complock_test.elf  |tee "complock_test.elf.size"
   text	   data	    bss	    dec	    hex	filename
  29528	   1544	  23256	  54328	   d438	complock_test.elf
'Finished building: complock_test.elf.size'
' '
23:30:38 **** Incremental Build of configuration Debug for project complock_test ****
make pre-build main-build 
a9-linaro-pre-build-step
' '
make: Nothing to be done for 'main-build'.
23:31:00 **** Auto Build of configuration Debug for project complock_test ****
make pre-build main-build 
a9-linaro-pre-build-step
' '
'Building file: ../src/comblock_test.c'
'Invoking: ARM v7 gcc compiler'
arm-none-eabi-gcc -Wall -O0 -g3 -c -fmessage-length=0 -MT"src/comblock_test.o" -mcpu=cortex-a9 -mfpu=vfpv3 -mfloat-abi=hard -I../../complock_test_bsp/ps7_cortexa9_0/include -MMD -MP -MF"src/comblock_test.d" -MT"src/comblock_test.o" -o "src/comblock_test.o" "../src/comblock_test.c"
'Finished building: ../src/comblock_test.c'
' '
'Building target: complock_test.elf'
'Invoking: ARM v7 gcc linker'
arm-none-eabi-gcc -mcpu=cortex-a9 -mfpu=vfpv3 -mfloat-abi=hard -Wl,-build-id=none -specs=Xilinx.spec -Wl,-T -Wl,../src/lscript.ld -L../../complock_test_bsp/ps7_cortexa9_0/lib -o "complock_test.elf"  ./src/comblock_test.o   -Wl,--start-group,-lxil,-lgcc,-lc,--end-group
'Finished building target: complock_test.elf'
' '
'Invoking: ARM v7 Print Size'
arm-none-eabi-size complock_test.elf  |tee "complock_test.elf.size"
   text	   data	    bss	    dec	    hex	filename
  29528	   1544	  23256	  54328	   d438	complock_test.elf
'Finished building: complock_test.elf.size'
' '
23:31:10 **** Incremental Build of configuration Debug for project complock_test ****
make pre-build main-build 
a9-linaro-pre-build-step
' '
make: Nothing to be done for 'main-build'.
23:31:26 **** Auto Build of configuration Debug for project complock_test ****
make pre-build main-build 
a9-linaro-pre-build-step
' '
'Building file: ../src/comblock_test.c'
'Invoking: ARM v7 gcc compiler'
arm-none-eabi-gcc -Wall -O0 -g3 -c -fmessage-length=0 -MT"src/comblock_test.o" -mcpu=cortex-a9 -mfpu=vfpv3 -mfloat-abi=hard -I../../complock_test_bsp/ps7_cortexa9_0/include -MMD -MP -MF"src/comblock_test.d" -MT"src/comblock_test.o" -o "src/comblock_test.o" "../src/comblock_test.c"
'Finished building: ../src/comblock_test.c'
' '
'Building target: complock_test.elf'
'Invoking: ARM v7 gcc linker'
arm-none-eabi-gcc -mcpu=cortex-a9 -mfpu=vfpv3 -mfloat-abi=hard -Wl,-build-id=none -specs=Xilinx.spec -Wl,-T -Wl,../src/lscript.ld -L../../complock_test_bsp/ps7_cortexa9_0/lib -o "complock_test.elf"  ./src/comblock_test.o   -Wl,--start-group,-lxil,-lgcc,-lc,--end-group
'Finished building target: complock_test.elf'
' '
'Invoking: ARM v7 Print Size'
arm-none-eabi-size complock_test.elf  |tee "complock_test.elf.size"
   text	   data	    bss	    dec	    hex	filename
  29532	   1544	  23256	  54332	   d43c	complock_test.elf
'Finished building: complock_test.elf.size'
' '
23:31:36 **** Incremental Build of configuration Debug for project complock_test ****
make pre-build main-build 
a9-linaro-pre-build-step
' '
make: Nothing to be done for 'main-build'.
23:33:01 **** Auto Build of configuration Debug for project complock_test ****
make pre-build main-build 
a9-linaro-pre-build-step
' '
'Building file: ../src/comblock_test.c'
'Invoking: ARM v7 gcc compiler'
arm-none-eabi-gcc -Wall -O0 -g3 -c -fmessage-length=0 -MT"src/comblock_test.o" -mcpu=cortex-a9 -mfpu=vfpv3 -mfloat-abi=hard -I../../complock_test_bsp/ps7_cortexa9_0/include -MMD -MP -MF"src/comblock_test.d" -MT"src/comblock_test.o" -o "src/comblock_test.o" "../src/comblock_test.c"
'Finished building: ../src/comblock_test.c'
' '
'Building target: complock_test.elf'
'Invoking: ARM v7 gcc linker'
arm-none-eabi-gcc -mcpu=cortex-a9 -mfpu=vfpv3 -mfloat-abi=hard -Wl,-build-id=none -specs=Xilinx.spec -Wl,-T -Wl,../src/lscript.ld -L../../complock_test_bsp/ps7_cortexa9_0/lib -o "complock_test.elf"  ./src/comblock_test.o   -Wl,--start-group,-lxil,-lgcc,-lc,--end-group
'Finished building target: complock_test.elf'
' '
'Invoking: ARM v7 Print Size'
arm-none-eabi-size complock_test.elf  |tee "complock_test.elf.size"
   text	   data	    bss	    dec	    hex	filename
  29532	   1544	  23256	  54332	   d43c	complock_test.elf
'Finished building: complock_test.elf.size'
' '
23:33:12 **** Incremental Build of configuration Debug for project complock_test ****
make pre-build main-build 
a9-linaro-pre-build-step
' '
make: Nothing to be done for 'main-build'.
00:06:02 **** Auto Build of configuration Debug for project complock_test ****
make pre-build main-build 
a9-linaro-pre-build-step
' '
'Building file: ../src/comblock_test.c'
'Invoking: ARM v7 gcc compiler'
arm-none-eabi-gcc -Wall -O0 -g3 -c -fmessage-length=0 -MT"src/comblock_test.o" -mcpu=cortex-a9 -mfpu=vfpv3 -mfloat-abi=hard -I../../complock_test_bsp/ps7_cortexa9_0/include -MMD -MP -MF"src/comblock_test.d" -MT"src/comblock_test.o" -o "src/comblock_test.o" "../src/comblock_test.c"
../src/comblock_test.c: In function 'main':
../src/comblock_test.c:31:13: error: 'Dram_values' undeclared (first use in this function); did you mean 'Dram_Values'?
  cbReadBulk(Dram_values, baseaddr_dram,0);
             ^~~~~~~~~~~
             Dram_Values
../src/comblock_test.c:31:13: note: each undeclared identifier is reported only once for each function it appears in
../src/comblock_test.c:22:6: warning: unused variable 'Dram_Values' [-Wunused-variable]
  int Dram_Values[1024];
      ^~~~~~~~~~~
make: *** [src/subdir.mk:23: src/comblock_test.o] Error 1
00:06:19 **** Auto Build of configuration Debug for project complock_test ****
make pre-build main-build 
a9-linaro-pre-build-step
' '
'Building file: ../src/comblock_test.c'
'Invoking: ARM v7 gcc compiler'
arm-none-eabi-gcc -Wall -O0 -g3 -c -fmessage-length=0 -MT"src/comblock_test.o" -mcpu=cortex-a9 -mfpu=vfpv3 -mfloat-abi=hard -I../../complock_test_bsp/ps7_cortexa9_0/include -MMD -MP -MF"src/comblock_test.d" -MT"src/comblock_test.o" -o "src/comblock_test.o" "../src/comblock_test.c"
'Finished building: ../src/comblock_test.c'
' '
'Building target: complock_test.elf'
'Invoking: ARM v7 gcc linker'
arm-none-eabi-gcc -mcpu=cortex-a9 -mfpu=vfpv3 -mfloat-abi=hard -Wl,-build-id=none -specs=Xilinx.spec -Wl,-T -Wl,../src/lscript.ld -L../../complock_test_bsp/ps7_cortexa9_0/lib -o "complock_test.elf"  ./src/comblock_test.o   -Wl,--start-group,-lxil,-lgcc,-lc,--end-group
'Finished building target: complock_test.elf'
' '
'Invoking: ARM v7 Print Size'
arm-none-eabi-size complock_test.elf  |tee "complock_test.elf.size"
   text	   data	    bss	    dec	    hex	filename
  31280	   1544	  23256	  56080	   db10	complock_test.elf
'Finished building: complock_test.elf.size'
' '
00:06:31 **** Incremental Build of configuration Debug for project complock_test ****
make pre-build main-build 
a9-linaro-pre-build-step
' '
make: Nothing to be done for 'main-build'.
00:12:12 **** Auto Build of configuration Debug for project complock_test ****
make pre-build main-build 
a9-linaro-pre-build-step
' '
'Building file: ../src/comblock_test.c'
'Invoking: ARM v7 gcc compiler'
arm-none-eabi-gcc -Wall -O0 -g3 -c -fmessage-length=0 -MT"src/comblock_test.o" -mcpu=cortex-a9 -mfpu=vfpv3 -mfloat-abi=hard -I../../complock_test_bsp/ps7_cortexa9_0/include -MMD -MP -MF"src/comblock_test.d" -MT"src/comblock_test.o" -o "src/comblock_test.o" "../src/comblock_test.c"
'Finished building: ../src/comblock_test.c'
' '
'Building target: complock_test.elf'
'Invoking: ARM v7 gcc linker'
arm-none-eabi-gcc -mcpu=cortex-a9 -mfpu=vfpv3 -mfloat-abi=hard -Wl,-build-id=none -specs=Xilinx.spec -Wl,-T -Wl,../src/lscript.ld -L../../complock_test_bsp/ps7_cortexa9_0/lib -o "complock_test.elf"  ./src/comblock_test.o   -Wl,--start-group,-lxil,-lgcc,-lc,--end-group
'Finished building target: complock_test.elf'
' '
'Invoking: ARM v7 Print Size'
arm-none-eabi-size complock_test.elf  |tee "complock_test.elf.size"
   text	   data	    bss	    dec	    hex	filename
  31280	   1544	  23256	  56080	   db10	complock_test.elf
'Finished building: complock_test.elf.size'
' '
00:12:21 **** Incremental Build of configuration Debug for project complock_test ****
make pre-build main-build 
a9-linaro-pre-build-step
' '
make: Nothing to be done for 'main-build'.
00:47:54 **** Auto Build of configuration Debug for project complock_test ****
make pre-build main-build 
a9-linaro-pre-build-step
' '
'Building file: ../src/comblock_test.c'
'Invoking: ARM v7 gcc compiler'
arm-none-eabi-gcc -Wall -O0 -g3 -c -fmessage-length=0 -MT"src/comblock_test.o" -mcpu=cortex-a9 -mfpu=vfpv3 -mfloat-abi=hard -I../../complock_test_bsp/ps7_cortexa9_0/include -MMD -MP -MF"src/comblock_test.d" -MT"src/comblock_test.o" -o "src/comblock_test.o" "../src/comblock_test.c"
../src/comblock_test.c: In function 'main':
../src/comblock_test.c:23:6: warning: unused variable 'Dram_values' [-Wunused-variable]
  int Dram_values[1024];
      ^~~~~~~~~~~
'Finished building: ../src/comblock_test.c'
' '
'Building target: complock_test.elf'
'Invoking: ARM v7 gcc linker'
arm-none-eabi-gcc -mcpu=cortex-a9 -mfpu=vfpv3 -mfloat-abi=hard -Wl,-build-id=none -specs=Xilinx.spec -Wl,-T -Wl,../src/lscript.ld -L../../complock_test_bsp/ps7_cortexa9_0/lib -o "complock_test.elf"  ./src/comblock_test.o   -Wl,--start-group,-lxil,-lgcc,-lc,--end-group
'Finished building target: complock_test.elf'
' '
'Invoking: ARM v7 Print Size'
arm-none-eabi-size complock_test.elf  |tee "complock_test.elf.size"
   text	   data	    bss	    dec	    hex	filename
  29684	   1544	  23256	  54484	   d4d4	complock_test.elf
'Finished building: complock_test.elf.size'
' '
00:48:12 **** Incremental Build of configuration Debug for project complock_test ****
make pre-build main-build 
a9-linaro-pre-build-step
' '
make: Nothing to be done for 'main-build'.
00:50:01 **** Auto Build of configuration Debug for project complock_test ****
make pre-build main-build 
a9-linaro-pre-build-step
' '
'Building file: ../src/comblock_test.c'
'Invoking: ARM v7 gcc compiler'
arm-none-eabi-gcc -Wall -O0 -g3 -c -fmessage-length=0 -MT"src/comblock_test.o" -mcpu=cortex-a9 -mfpu=vfpv3 -mfloat-abi=hard -I../../complock_test_bsp/ps7_cortexa9_0/include -MMD -MP -MF"src/comblock_test.d" -MT"src/comblock_test.o" -o "src/comblock_test.o" "../src/comblock_test.c"
../src/comblock_test.c: In function 'main':
../src/comblock_test.c:23:6: warning: unused variable 'Dram_values' [-Wunused-variable]
  int Dram_values[1024];
      ^~~~~~~~~~~
'Finished building: ../src/comblock_test.c'
' '
'Building target: complock_test.elf'
'Invoking: ARM v7 gcc linker'
arm-none-eabi-gcc -mcpu=cortex-a9 -mfpu=vfpv3 -mfloat-abi=hard -Wl,-build-id=none -specs=Xilinx.spec -Wl,-T -Wl,../src/lscript.ld -L../../complock_test_bsp/ps7_cortexa9_0/lib -o "complock_test.elf"  ./src/comblock_test.o   -Wl,--start-group,-lxil,-lgcc,-lc,--end-group
'Finished building target: complock_test.elf'
' '
'Invoking: ARM v7 Print Size'
arm-none-eabi-size complock_test.elf  |tee "complock_test.elf.size"
   text	   data	    bss	    dec	    hex	filename
  29684	   1544	  23256	  54484	   d4d4	complock_test.elf
'Finished building: complock_test.elf.size'
' '
00:50:13 **** Incremental Build of configuration Debug for project complock_test ****
make pre-build main-build 
a9-linaro-pre-build-step
' '
make: Nothing to be done for 'main-build'.
00:55:18 **** Auto Build of configuration Debug for project complock_test ****
make pre-build main-build 
a9-linaro-pre-build-step
' '
'Building file: ../src/comblock_test.c'
'Invoking: ARM v7 gcc compiler'
arm-none-eabi-gcc -Wall -O0 -g3 -c -fmessage-length=0 -MT"src/comblock_test.o" -mcpu=cortex-a9 -mfpu=vfpv3 -mfloat-abi=hard -I../../complock_test_bsp/ps7_cortexa9_0/include -MMD -MP -MF"src/comblock_test.d" -MT"src/comblock_test.o" -o "src/comblock_test.o" "../src/comblock_test.c"
../src/comblock_test.c: In function 'main':
../src/comblock_test.c:41:42: error: 'reg_FIFO_outVal' undeclared (first use in this function); did you mean 'reg_FIFO_inVal'?
   FIFO_values[i] = cbRead(baseaddr_regs, reg_FIFO_outVal);
                                          ^~~~~~~~~~~~~~~
                                          reg_FIFO_inVal
../src/comblock_test.c:41:42: note: each undeclared identifier is reported only once for each function it appears in
../src/comblock_test.c:23:6: warning: unused variable 'Dram_values' [-Wunused-variable]
  int Dram_values[1024];
      ^~~~~~~~~~~
make: *** [src/subdir.mk:23: src/comblock_test.o] Error 1
00:55:36 **** Auto Build of configuration Debug for project complock_test ****
make pre-build main-build 
a9-linaro-pre-build-step
' '
'Building file: ../src/comblock_test.c'
'Invoking: ARM v7 gcc compiler'
arm-none-eabi-gcc -Wall -O0 -g3 -c -fmessage-length=0 -MT"src/comblock_test.o" -mcpu=cortex-a9 -mfpu=vfpv3 -mfloat-abi=hard -I../../complock_test_bsp/ps7_cortexa9_0/include -MMD -MP -MF"src/comblock_test.d" -MT"src/comblock_test.o" -o "src/comblock_test.o" "../src/comblock_test.c"
../src/comblock_test.c: In function 'main':
../src/comblock_test.c:23:6: warning: unused variable 'Dram_values' [-Wunused-variable]
  int Dram_values[1024];
      ^~~~~~~~~~~
'Finished building: ../src/comblock_test.c'
' '
'Building target: complock_test.elf'
'Invoking: ARM v7 gcc linker'
arm-none-eabi-gcc -mcpu=cortex-a9 -mfpu=vfpv3 -mfloat-abi=hard -Wl,-build-id=none -specs=Xilinx.spec -Wl,-T -Wl,../src/lscript.ld -L../../complock_test_bsp/ps7_cortexa9_0/lib -o "complock_test.elf"  ./src/comblock_test.o   -Wl,--start-group,-lxil,-lgcc,-lc,--end-group
'Finished building target: complock_test.elf'
' '
'Invoking: ARM v7 Print Size'
arm-none-eabi-size complock_test.elf  |tee "complock_test.elf.size"
   text	   data	    bss	    dec	    hex	filename
  29760	   1544	  23256	  54560	   d520	complock_test.elf
'Finished building: complock_test.elf.size'
' '
00:55:47 **** Incremental Build of configuration Debug for project complock_test ****
make pre-build main-build 
a9-linaro-pre-build-step
' '
make: Nothing to be done for 'main-build'.
00:56:02 **** Auto Build of configuration Debug for project complock_test ****
make pre-build main-build 
a9-linaro-pre-build-step
' '
'Building file: ../src/comblock_test.c'
'Invoking: ARM v7 gcc compiler'
arm-none-eabi-gcc -Wall -O0 -g3 -c -fmessage-length=0 -MT"src/comblock_test.o" -mcpu=cortex-a9 -mfpu=vfpv3 -mfloat-abi=hard -I../../complock_test_bsp/ps7_cortexa9_0/include -MMD -MP -MF"src/comblock_test.d" -MT"src/comblock_test.o" -o "src/comblock_test.o" "../src/comblock_test.c"
../src/comblock_test.c: In function 'main':
../src/comblock_test.c:23:6: warning: unused variable 'Dram_values' [-Wunused-variable]
  int Dram_values[1024];
      ^~~~~~~~~~~
'Finished building: ../src/comblock_test.c'
' '
'Building target: complock_test.elf'
'Invoking: ARM v7 gcc linker'
arm-none-eabi-gcc -mcpu=cortex-a9 -mfpu=vfpv3 -mfloat-abi=hard -Wl,-build-id=none -specs=Xilinx.spec -Wl,-T -Wl,../src/lscript.ld -L../../complock_test_bsp/ps7_cortexa9_0/lib -o "complock_test.elf"  ./src/comblock_test.o   -Wl,--start-group,-lxil,-lgcc,-lc,--end-group
'Finished building target: complock_test.elf'
' '
'Invoking: ARM v7 Print Size'
arm-none-eabi-size complock_test.elf  |tee "complock_test.elf.size"
   text	   data	    bss	    dec	    hex	filename
  29764	   1544	  23256	  54564	   d524	complock_test.elf
'Finished building: complock_test.elf.size'
' '
00:56:13 **** Incremental Build of configuration Debug for project complock_test ****
make pre-build main-build 
a9-linaro-pre-build-step
' '
make: Nothing to be done for 'main-build'.
00:56:44 **** Auto Build of configuration Debug for project complock_test ****
make pre-build main-build 
a9-linaro-pre-build-step
' '
'Building file: ../src/comblock_test.c'
'Invoking: ARM v7 gcc compiler'
arm-none-eabi-gcc -Wall -O0 -g3 -c -fmessage-length=0 -MT"src/comblock_test.o" -mcpu=cortex-a9 -mfpu=vfpv3 -mfloat-abi=hard -I../../complock_test_bsp/ps7_cortexa9_0/include -MMD -MP -MF"src/comblock_test.d" -MT"src/comblock_test.o" -o "src/comblock_test.o" "../src/comblock_test.c"
../src/comblock_test.c: In function 'main':
../src/comblock_test.c:23:6: warning: unused variable 'Dram_values' [-Wunused-variable]
  int Dram_values[1024];
      ^~~~~~~~~~~
'Finished building: ../src/comblock_test.c'
' '
'Building target: complock_test.elf'
'Invoking: ARM v7 gcc linker'
arm-none-eabi-gcc -mcpu=cortex-a9 -mfpu=vfpv3 -mfloat-abi=hard -Wl,-build-id=none -specs=Xilinx.spec -Wl,-T -Wl,../src/lscript.ld -L../../complock_test_bsp/ps7_cortexa9_0/lib -o "complock_test.elf"  ./src/comblock_test.o   -Wl,--start-group,-lxil,-lgcc,-lc,--end-group
'Finished building target: complock_test.elf'
' '
'Invoking: ARM v7 Print Size'
arm-none-eabi-size complock_test.elf  |tee "complock_test.elf.size"
   text	   data	    bss	    dec	    hex	filename
  29764	   1544	  23256	  54564	   d524	complock_test.elf
'Finished building: complock_test.elf.size'
' '
00:56:53 **** Auto Build of configuration Debug for project complock_test ****
make pre-build main-build 
a9-linaro-pre-build-step
' '
'Building file: ../src/comblock_test.c'
'Invoking: ARM v7 gcc compiler'
arm-none-eabi-gcc -Wall -O0 -g3 -c -fmessage-length=0 -MT"src/comblock_test.o" -mcpu=cortex-a9 -mfpu=vfpv3 -mfloat-abi=hard -I../../complock_test_bsp/ps7_cortexa9_0/include -MMD -MP -MF"src/comblock_test.d" -MT"src/comblock_test.o" -o "src/comblock_test.o" "../src/comblock_test.c"
../src/comblock_test.c: In function 'main':
../src/comblock_test.c:23:6: warning: unused variable 'Dram_values' [-Wunused-variable]
  int Dram_values[1024];
      ^~~~~~~~~~~
'Finished building: ../src/comblock_test.c'
' '
'Building target: complock_test.elf'
'Invoking: ARM v7 gcc linker'
arm-none-eabi-gcc -mcpu=cortex-a9 -mfpu=vfpv3 -mfloat-abi=hard -Wl,-build-id=none -specs=Xilinx.spec -Wl,-T -Wl,../src/lscript.ld -L../../complock_test_bsp/ps7_cortexa9_0/lib -o "complock_test.elf"  ./src/comblock_test.o   -Wl,--start-group,-lxil,-lgcc,-lc,--end-group
'Finished building target: complock_test.elf'
' '
'Invoking: ARM v7 Print Size'
arm-none-eabi-size complock_test.elf  |tee "complock_test.elf.size"
   text	   data	    bss	    dec	    hex	filename
  29764	   1544	  23256	  54564	   d524	complock_test.elf
'Finished building: complock_test.elf.size'
' '
00:57:07 **** Incremental Build of configuration Debug for project complock_test ****
make pre-build main-build 
a9-linaro-pre-build-step
' '
make: Nothing to be done for 'main-build'.
00:58:43 **** Auto Build of configuration Debug for project complock_test ****
make pre-build main-build 
a9-linaro-pre-build-step
' '
'Building file: ../src/comblock_test.c'
'Invoking: ARM v7 gcc compiler'
arm-none-eabi-gcc -Wall -O0 -g3 -c -fmessage-length=0 -MT"src/comblock_test.o" -mcpu=cortex-a9 -mfpu=vfpv3 -mfloat-abi=hard -I../../complock_test_bsp/ps7_cortexa9_0/include -MMD -MP -MF"src/comblock_test.d" -MT"src/comblock_test.o" -o "src/comblock_test.o" "../src/comblock_test.c"
../src/comblock_test.c: In function 'main':
../src/comblock_test.c:23:6: warning: unused variable 'Dram_values' [-Wunused-variable]
  int Dram_values[1024];
      ^~~~~~~~~~~
'Finished building: ../src/comblock_test.c'
' '
'Building target: complock_test.elf'
'Invoking: ARM v7 gcc linker'
arm-none-eabi-gcc -mcpu=cortex-a9 -mfpu=vfpv3 -mfloat-abi=hard -Wl,-build-id=none -specs=Xilinx.spec -Wl,-T -Wl,../src/lscript.ld -L../../complock_test_bsp/ps7_cortexa9_0/lib -o "complock_test.elf"  ./src/comblock_test.o   -Wl,--start-group,-lxil,-lgcc,-lc,--end-group
'Finished building target: complock_test.elf'
' '
'Invoking: ARM v7 Print Size'
arm-none-eabi-size complock_test.elf  |tee "complock_test.elf.size"
   text	   data	    bss	    dec	    hex	filename
  29748	   1544	  23256	  54548	   d514	complock_test.elf
'Finished building: complock_test.elf.size'
' '
00:58:57 **** Auto Build of configuration Debug for project complock_test ****
make pre-build main-build 
a9-linaro-pre-build-step
' '
'Building file: ../src/comblock_test.c'
'Invoking: ARM v7 gcc compiler'
arm-none-eabi-gcc -Wall -O0 -g3 -c -fmessage-length=0 -MT"src/comblock_test.o" -mcpu=cortex-a9 -mfpu=vfpv3 -mfloat-abi=hard -I../../complock_test_bsp/ps7_cortexa9_0/include -MMD -MP -MF"src/comblock_test.d" -MT"src/comblock_test.o" -o "src/comblock_test.o" "../src/comblock_test.c"
../src/comblock_test.c: In function 'main':
../src/comblock_test.c:23:6: warning: unused variable 'Dram_values' [-Wunused-variable]
  int Dram_values[1024];
      ^~~~~~~~~~~
'Finished building: ../src/comblock_test.c'
' '
'Building target: complock_test.elf'
'Invoking: ARM v7 gcc linker'
arm-none-eabi-gcc -mcpu=cortex-a9 -mfpu=vfpv3 -mfloat-abi=hard -Wl,-build-id=none -specs=Xilinx.spec -Wl,-T -Wl,../src/lscript.ld -L../../complock_test_bsp/ps7_cortexa9_0/lib -o "complock_test.elf"  ./src/comblock_test.o   -Wl,--start-group,-lxil,-lgcc,-lc,--end-group
'Finished building target: complock_test.elf'
' '
'Invoking: ARM v7 Print Size'
arm-none-eabi-size complock_test.elf  |tee "complock_test.elf.size"
   text	   data	    bss	    dec	    hex	filename
  29748	   1544	  23256	  54548	   d514	complock_test.elf
'Finished building: complock_test.elf.size'
' '
00:59:03 **** Incremental Build of configuration Debug for project complock_test ****
make pre-build main-build 
a9-linaro-pre-build-step
' '
make: Nothing to be done for 'main-build'.
01:00:16 **** Auto Build of configuration Debug for project complock_test ****
make pre-build main-build 
a9-linaro-pre-build-step
' '
'Building file: ../src/comblock_test.c'
'Invoking: ARM v7 gcc compiler'
arm-none-eabi-gcc -Wall -O0 -g3 -c -fmessage-length=0 -MT"src/comblock_test.o" -mcpu=cortex-a9 -mfpu=vfpv3 -mfloat-abi=hard -I../../complock_test_bsp/ps7_cortexa9_0/include -MMD -MP -MF"src/comblock_test.d" -MT"src/comblock_test.o" -o "src/comblock_test.o" "../src/comblock_test.c"
../src/comblock_test.c: In function 'main':
../src/comblock_test.c:50:44: error: 'b' undeclared (first use in this function)
    cbWrite(baseaddr_regs, reg_FIFO_inVal, (b*)i);
                                            ^
../src/comblock_test.c:50:44: note: each undeclared identifier is reported only once for each function it appears in
../src/comblock_test.c:50:46: error: expected expression before ')' token
    cbWrite(baseaddr_regs, reg_FIFO_inVal, (b*)i);
                                              ^
../src/comblock_test.c:23:6: warning: unused variable 'Dram_values' [-Wunused-variable]
  int Dram_values[1024];
      ^~~~~~~~~~~
make: *** [src/subdir.mk:23: src/comblock_test.o] Error 1
01:07:52 **** Auto Build of configuration Debug for project complock_test ****
make pre-build main-build 
a9-linaro-pre-build-step
' '
'Building file: ../src/comblock_test.c'
'Invoking: ARM v7 gcc compiler'
arm-none-eabi-gcc -Wall -O0 -g3 -c -fmessage-length=0 -MT"src/comblock_test.o" -mcpu=cortex-a9 -mfpu=vfpv3 -mfloat-abi=hard -I../../complock_test_bsp/ps7_cortexa9_0/include -MMD -MP -MF"src/comblock_test.d" -MT"src/comblock_test.o" -o "src/comblock_test.o" "../src/comblock_test.c"
../src/comblock_test.c: In function 'main':
../src/comblock_test.c:26:6: warning: unused variable 'Dram_values' [-Wunused-variable]
  int Dram_values[1024];
      ^~~~~~~~~~~
'Finished building: ../src/comblock_test.c'
' '
'Building target: complock_test.elf'
'Invoking: ARM v7 gcc linker'
arm-none-eabi-gcc -mcpu=cortex-a9 -mfpu=vfpv3 -mfloat-abi=hard -Wl,-build-id=none -specs=Xilinx.spec -Wl,-T -Wl,../src/lscript.ld -L../../complock_test_bsp/ps7_cortexa9_0/lib -o "complock_test.elf"  ./src/comblock_test.o   -Wl,--start-group,-lxil,-lgcc,-lc,--end-group
'Finished building target: complock_test.elf'
' '
'Invoking: ARM v7 Print Size'
arm-none-eabi-size complock_test.elf  |tee "complock_test.elf.size"
   text	   data	    bss	    dec	    hex	filename
  29828	   1544	  23256	  54628	   d564	complock_test.elf
'Finished building: complock_test.elf.size'
' '
01:08:28 **** Auto Build of configuration Debug for project complock_test ****
make pre-build main-build 
a9-linaro-pre-build-step
' '
'Building file: ../src/comblock_test.c'
'Invoking: ARM v7 gcc compiler'
arm-none-eabi-gcc -Wall -O0 -g3 -c -fmessage-length=0 -MT"src/comblock_test.o" -mcpu=cortex-a9 -mfpu=vfpv3 -mfloat-abi=hard -I../../complock_test_bsp/ps7_cortexa9_0/include -MMD -MP -MF"src/comblock_test.d" -MT"src/comblock_test.o" -o "src/comblock_test.o" "../src/comblock_test.c"
../src/comblock_test.c: In function 'main':
../src/comblock_test.c:26:6: warning: unused variable 'Dram_values' [-Wunused-variable]
  int Dram_values[1024];
      ^~~~~~~~~~~
'Finished building: ../src/comblock_test.c'
' '
'Building target: complock_test.elf'
'Invoking: ARM v7 gcc linker'
arm-none-eabi-gcc -mcpu=cortex-a9 -mfpu=vfpv3 -mfloat-abi=hard -Wl,-build-id=none -specs=Xilinx.spec -Wl,-T -Wl,../src/lscript.ld -L../../complock_test_bsp/ps7_cortexa9_0/lib -o "complock_test.elf"  ./src/comblock_test.o   -Wl,--start-group,-lxil,-lgcc,-lc,--end-group
'Finished building target: complock_test.elf'
' '
'Invoking: ARM v7 Print Size'
arm-none-eabi-size complock_test.elf  |tee "complock_test.elf.size"
   text	   data	    bss	    dec	    hex	filename
  29828	   1544	  23256	  54628	   d564	complock_test.elf
'Finished building: complock_test.elf.size'
' '
01:08:56 **** Auto Build of configuration Debug for project complock_test ****
make pre-build main-build 
a9-linaro-pre-build-step
' '
'Building file: ../src/comblock_test.c'
'Invoking: ARM v7 gcc compiler'
arm-none-eabi-gcc -Wall -O0 -g3 -c -fmessage-length=0 -MT"src/comblock_test.o" -mcpu=cortex-a9 -mfpu=vfpv3 -mfloat-abi=hard -I../../complock_test_bsp/ps7_cortexa9_0/include -MMD -MP -MF"src/comblock_test.d" -MT"src/comblock_test.o" -o "src/comblock_test.o" "../src/comblock_test.c"
../src/comblock_test.c: In function 'main':
../src/comblock_test.c:26:6: warning: unused variable 'Dram_values' [-Wunused-variable]
  int Dram_values[1024];
      ^~~~~~~~~~~
'Finished building: ../src/comblock_test.c'
' '
'Building target: complock_test.elf'
'Invoking: ARM v7 gcc linker'
arm-none-eabi-gcc -mcpu=cortex-a9 -mfpu=vfpv3 -mfloat-abi=hard -Wl,-build-id=none -specs=Xilinx.spec -Wl,-T -Wl,../src/lscript.ld -L../../complock_test_bsp/ps7_cortexa9_0/lib -o "complock_test.elf"  ./src/comblock_test.o   -Wl,--start-group,-lxil,-lgcc,-lc,--end-group
'Finished building target: complock_test.elf'
' '
'Invoking: ARM v7 Print Size'
arm-none-eabi-size complock_test.elf  |tee "complock_test.elf.size"
   text	   data	    bss	    dec	    hex	filename
  29912	   1544	  23256	  54712	   d5b8	complock_test.elf
'Finished building: complock_test.elf.size'
' '
01:09:04 **** Incremental Build of configuration Debug for project complock_test ****
make pre-build main-build 
a9-linaro-pre-build-step
' '
make: Nothing to be done for 'main-build'.
01:10:03 **** Incremental Build of configuration Debug for project complock_test ****
make pre-build main-build 
a9-linaro-pre-build-step
' '
make: Nothing to be done for 'main-build'.
01:10:29 **** Auto Build of configuration Debug for project complock_test ****
make pre-build main-build 
a9-linaro-pre-build-step
' '
'Building file: ../src/comblock_test.c'
'Invoking: ARM v7 gcc compiler'
arm-none-eabi-gcc -Wall -O0 -g3 -c -fmessage-length=0 -MT"src/comblock_test.o" -mcpu=cortex-a9 -mfpu=vfpv3 -mfloat-abi=hard -I../../complock_test_bsp/ps7_cortexa9_0/include -MMD -MP -MF"src/comblock_test.d" -MT"src/comblock_test.o" -o "src/comblock_test.o" "../src/comblock_test.c"
../src/comblock_test.c: In function 'main':
../src/comblock_test.c:26:6: warning: unused variable 'Dram_values' [-Wunused-variable]
  int Dram_values[1024];
      ^~~~~~~~~~~
'Finished building: ../src/comblock_test.c'
' '
'Building target: complock_test.elf'
'Invoking: ARM v7 gcc linker'
arm-none-eabi-gcc -mcpu=cortex-a9 -mfpu=vfpv3 -mfloat-abi=hard -Wl,-build-id=none -specs=Xilinx.spec -Wl,-T -Wl,../src/lscript.ld -L../../complock_test_bsp/ps7_cortexa9_0/lib -o "complock_test.elf"  ./src/comblock_test.o   -Wl,--start-group,-lxil,-lgcc,-lc,--end-group
'Finished building target: complock_test.elf'
' '
'Invoking: ARM v7 Print Size'
arm-none-eabi-size complock_test.elf  |tee "complock_test.elf.size"
   text	   data	    bss	    dec	    hex	filename
  29912	   1544	  23256	  54712	   d5b8	complock_test.elf
'Finished building: complock_test.elf.size'
' '
01:10:45 **** Auto Build of configuration Debug for project complock_test ****
make pre-build main-build 
a9-linaro-pre-build-step
' '
'Building file: ../src/comblock_test.c'
'Invoking: ARM v7 gcc compiler'
arm-none-eabi-gcc -Wall -O0 -g3 -c -fmessage-length=0 -MT"src/comblock_test.o" -mcpu=cortex-a9 -mfpu=vfpv3 -mfloat-abi=hard -I../../complock_test_bsp/ps7_cortexa9_0/include -MMD -MP -MF"src/comblock_test.d" -MT"src/comblock_test.o" -o "src/comblock_test.o" "../src/comblock_test.c"
../src/comblock_test.c: In function 'main':
../src/comblock_test.c:26:6: warning: unused variable 'Dram_values' [-Wunused-variable]
  int Dram_values[1024];
      ^~~~~~~~~~~
'Finished building: ../src/comblock_test.c'
' '
'Building target: complock_test.elf'
'Invoking: ARM v7 gcc linker'
arm-none-eabi-gcc -mcpu=cortex-a9 -mfpu=vfpv3 -mfloat-abi=hard -Wl,-build-id=none -specs=Xilinx.spec -Wl,-T -Wl,../src/lscript.ld -L../../complock_test_bsp/ps7_cortexa9_0/lib -o "complock_test.elf"  ./src/comblock_test.o   -Wl,--start-group,-lxil,-lgcc,-lc,--end-group
'Finished building target: complock_test.elf'
' '
'Invoking: ARM v7 Print Size'
arm-none-eabi-size complock_test.elf  |tee "complock_test.elf.size"
   text	   data	    bss	    dec	    hex	filename
  29912	   1544	  23256	  54712	   d5b8	complock_test.elf
'Finished building: complock_test.elf.size'
' '
01:10:48 **** Incremental Build of configuration Debug for project complock_test ****
make pre-build main-build 
a9-linaro-pre-build-step
' '
make: Nothing to be done for 'main-build'.
01:12:21 **** Auto Build of configuration Debug for project complock_test ****
make pre-build main-build 
a9-linaro-pre-build-step
' '
'Building file: ../src/comblock_test.c'
'Invoking: ARM v7 gcc compiler'
arm-none-eabi-gcc -Wall -O0 -g3 -c -fmessage-length=0 -MT"src/comblock_test.o" -mcpu=cortex-a9 -mfpu=vfpv3 -mfloat-abi=hard -I../../complock_test_bsp/ps7_cortexa9_0/include -MMD -MP -MF"src/comblock_test.d" -MT"src/comblock_test.o" -o "src/comblock_test.o" "../src/comblock_test.c"
../src/comblock_test.c: In function 'main':
../src/comblock_test.c:26:6: warning: unused variable 'Dram_values' [-Wunused-variable]
  int Dram_values[1024];
      ^~~~~~~~~~~
'Finished building: ../src/comblock_test.c'
' '
'Building target: complock_test.elf'
'Invoking: ARM v7 gcc linker'
arm-none-eabi-gcc -mcpu=cortex-a9 -mfpu=vfpv3 -mfloat-abi=hard -Wl,-build-id=none -specs=Xilinx.spec -Wl,-T -Wl,../src/lscript.ld -L../../complock_test_bsp/ps7_cortexa9_0/lib -o "complock_test.elf"  ./src/comblock_test.o   -Wl,--start-group,-lxil,-lgcc,-lc,--end-group
'Finished building target: complock_test.elf'
' '
'Invoking: ARM v7 Print Size'
arm-none-eabi-size complock_test.elf  |tee "complock_test.elf.size"
   text	   data	    bss	    dec	    hex	filename
  29912	   1544	  23256	  54712	   d5b8	complock_test.elf
'Finished building: complock_test.elf.size'
' '
01:12:28 **** Incremental Build of configuration Debug for project complock_test ****
make pre-build main-build 
a9-linaro-pre-build-step
' '
make: Nothing to be done for 'main-build'.
01:12:52 **** Incremental Build of configuration Debug for project complock_test ****
make pre-build main-build 
a9-linaro-pre-build-step
' '
make: Nothing to be done for 'main-build'.
01:13:35 **** Auto Build of configuration Debug for project complock_test ****
make pre-build main-build 
a9-linaro-pre-build-step
' '
'Building file: ../src/comblock_test.c'
'Invoking: ARM v7 gcc compiler'
arm-none-eabi-gcc -Wall -O0 -g3 -c -fmessage-length=0 -MT"src/comblock_test.o" -mcpu=cortex-a9 -mfpu=vfpv3 -mfloat-abi=hard -I../../complock_test_bsp/ps7_cortexa9_0/include -MMD -MP -MF"src/comblock_test.d" -MT"src/comblock_test.o" -o "src/comblock_test.o" "../src/comblock_test.c"
../src/comblock_test.c: In function 'main':
../src/comblock_test.c:52:8: error: 'swc' undeclared (first use in this function); did you mean 'sw'?
  while(swc != "1100"){
        ^~~
        sw
../src/comblock_test.c:52:8: note: each undeclared identifier is reported only once for each function it appears in
../src/comblock_test.c:26:6: warning: unused variable 'Dram_values' [-Wunused-variable]
  int Dram_values[1024];
      ^~~~~~~~~~~
make: *** [src/subdir.mk:23: src/comblock_test.o] Error 1
01:13:47 **** Auto Build of configuration Debug for project complock_test ****
make pre-build main-build 
a9-linaro-pre-build-step
' '
'Building file: ../src/comblock_test.c'
'Invoking: ARM v7 gcc compiler'
arm-none-eabi-gcc -Wall -O0 -g3 -c -fmessage-length=0 -MT"src/comblock_test.o" -mcpu=cortex-a9 -mfpu=vfpv3 -mfloat-abi=hard -I../../complock_test_bsp/ps7_cortexa9_0/include -MMD -MP -MF"src/comblock_test.d" -MT"src/comblock_test.o" -o "src/comblock_test.o" "../src/comblock_test.c"
../src/comblock_test.c: In function 'main':
../src/comblock_test.c:52:11: warning: comparison between pointer and integer
  while(sw != "1100"){
           ^~
../src/comblock_test.c:52:11: warning: comparison with string literal results in unspecified behavior [-Waddress]
../src/comblock_test.c:26:6: warning: unused variable 'Dram_values' [-Wunused-variable]
  int Dram_values[1024];
      ^~~~~~~~~~~
'Finished building: ../src/comblock_test.c'
' '
'Building target: complock_test.elf'
'Invoking: ARM v7 gcc linker'
arm-none-eabi-gcc -mcpu=cortex-a9 -mfpu=vfpv3 -mfloat-abi=hard -Wl,-build-id=none -specs=Xilinx.spec -Wl,-T -Wl,../src/lscript.ld -L../../complock_test_bsp/ps7_cortexa9_0/lib -o "complock_test.elf"  ./src/comblock_test.o   -Wl,--start-group,-lxil,-lgcc,-lc,--end-group
'Finished building target: complock_test.elf'
' '
'Invoking: ARM v7 Print Size'
arm-none-eabi-size complock_test.elf  |tee "complock_test.elf.size"
   text	   data	    bss	    dec	    hex	filename
  29920	   1544	  23256	  54720	   d5c0	complock_test.elf
'Finished building: complock_test.elf.size'
' '
01:14:07 **** Auto Build of configuration Debug for project complock_test ****
make pre-build main-build 
a9-linaro-pre-build-step
' '
'Building file: ../src/comblock_test.c'
'Invoking: ARM v7 gcc compiler'
arm-none-eabi-gcc -Wall -O0 -g3 -c -fmessage-length=0 -MT"src/comblock_test.o" -mcpu=cortex-a9 -mfpu=vfpv3 -mfloat-abi=hard -I../../complock_test_bsp/ps7_cortexa9_0/include -MMD -MP -MF"src/comblock_test.d" -MT"src/comblock_test.o" -o "src/comblock_test.o" "../src/comblock_test.c"
../src/comblock_test.c: In function 'main':
../src/comblock_test.c:26:6: warning: unused variable 'Dram_values' [-Wunused-variable]
  int Dram_values[1024];
      ^~~~~~~~~~~
'Finished building: ../src/comblock_test.c'
' '
'Building target: complock_test.elf'
'Invoking: ARM v7 gcc linker'
arm-none-eabi-gcc -mcpu=cortex-a9 -mfpu=vfpv3 -mfloat-abi=hard -Wl,-build-id=none -specs=Xilinx.spec -Wl,-T -Wl,../src/lscript.ld -L../../complock_test_bsp/ps7_cortexa9_0/lib -o "complock_test.elf"  ./src/comblock_test.o   -Wl,--start-group,-lxil,-lgcc,-lc,--end-group
'Finished building target: complock_test.elf'
' '
'Invoking: ARM v7 Print Size'
arm-none-eabi-size complock_test.elf  |tee "complock_test.elf.size"
   text	   data	    bss	    dec	    hex	filename
  29912	   1544	  23256	  54712	   d5b8	complock_test.elf
'Finished building: complock_test.elf.size'
' '
01:14:27 **** Incremental Build of configuration Debug for project complock_test ****
make pre-build main-build 
a9-linaro-pre-build-step
' '
make: Nothing to be done for 'main-build'.
01:15:34 **** Auto Build of configuration Debug for project complock_test ****
make pre-build main-build 
a9-linaro-pre-build-step
' '
'Building file: ../src/comblock_test.c'
'Invoking: ARM v7 gcc compiler'
arm-none-eabi-gcc -Wall -O0 -g3 -c -fmessage-length=0 -MT"src/comblock_test.o" -mcpu=cortex-a9 -mfpu=vfpv3 -mfloat-abi=hard -I../../complock_test_bsp/ps7_cortexa9_0/include -MMD -MP -MF"src/comblock_test.d" -MT"src/comblock_test.o" -o "src/comblock_test.o" "../src/comblock_test.c"
../src/comblock_test.c: In function 'main':
../src/comblock_test.c:26:6: warning: unused variable 'Dram_values' [-Wunused-variable]
  int Dram_values[1024];
      ^~~~~~~~~~~
'Finished building: ../src/comblock_test.c'
' '
'Building target: complock_test.elf'
'Invoking: ARM v7 gcc linker'
arm-none-eabi-gcc -mcpu=cortex-a9 -mfpu=vfpv3 -mfloat-abi=hard -Wl,-build-id=none -specs=Xilinx.spec -Wl,-T -Wl,../src/lscript.ld -L../../complock_test_bsp/ps7_cortexa9_0/lib -o "complock_test.elf"  ./src/comblock_test.o   -Wl,--start-group,-lxil,-lgcc,-lc,--end-group
'Finished building target: complock_test.elf'
' '
'Invoking: ARM v7 Print Size'
arm-none-eabi-size complock_test.elf  |tee "complock_test.elf.size"
   text	   data	    bss	    dec	    hex	filename
  29912	   1544	  23256	  54712	   d5b8	complock_test.elf
'Finished building: complock_test.elf.size'
' '
01:15:41 **** Incremental Build of configuration Debug for project complock_test ****
make pre-build main-build 
a9-linaro-pre-build-step
' '
make: Nothing to be done for 'main-build'.
